===== 2026-09-22T09:52:34+08:00 attempt 
[CD-APDM] device = cuda
[CD-APDM] source train=23488  val=1400  target=2566  temporal=False
[CD-APDM] buckets: many=18 tail=10 -> tail_classes=[18, 19, 20, 21, 22, 23, 24, 25, 26, 27]
[CD-APDM] Fitting domain classifier (MDIWM)…
[CD-APDM] Pre-computing MDIWM instance weights…
[CD-APDM] lr: head=0.001, backbone=0.0001
/root/data1/xzc/agri-cnz/repo/code/src/train.py:324: FutureWarning: `torch.cuda.amp.GradScaler(args...)` is deprecated. Please use `torch.amp.GradScaler('cuda', args...)` instead.
  scaler = torch.cuda.amp.GradScaler(enabled=amp_enabled)
/root/data1/xzc/agri-cnz/repo/code/src/train.py:387: FutureWarning: `torch.cuda.amp.autocast(args...)` is deprecated. Please use `torch.amp.autocast('cuda', args...)` instead.
  with torch.cuda.amp.autocast(enabled=amp_enabled):
{
  "epoch": 1,
  "loss": 0.2974957460207657,
  "src_top1": 78.14285714285715,
  "tgt_top1": 15.939204988308653,
  "tgt_tail_recall": 19.15328941002726,
  "tgt_macro_f1": 12.678136863883188,
  "tgt_ece": 0.0800792408420393,
  "cross_domain_gap": 62.2036521545485
}
{
  "epoch": 2,
  "loss": 0.02153339385301159,
  "src_top1": 92.85714285714286,
  "tgt_top1": 22.87607170693687,
  "tgt_tail_recall": 17.287896996134727,
  "tgt_macro_f1": 18.60908495229325,
  "tgt_ece": 0.14272470724647715,
  "cross_domain_gap": 69.98107115020599
}
{
  "epoch": 3,
  "loss": 0.011753917545967099,
  "src_top1": 91.28571428571428,
  "tgt_top1": 24.0062353858145,
  "tgt_tail_recall": 27.16939479870674,
  "tgt_macro_f1": 19.108458419227976,
  "tgt_ece": 0.12058822481093795,
  "cross_domain_gap": 67.27947889989977
}
{
  "epoch": 4,
  "loss": 0.009066228247444305,
  "src_top1": 93.92857142857143,
  "tgt_top1": 23.57755261106781,
  "tgt_tail_recall": 20.295734577643433,
  "tgt_macro_f1": 17.659777333196942,
  "tgt_ece": 0.2251189640365303,
  "cross_domain_gap": 70.35101881750361
}
/root/data1/xzc/agri_ai_conda/envs/agri-ctta-py311-cuda-of5-v5-r2/lib/python3.11/site-packages/torch/optim/lr_scheduler.py:243: UserWarning: The epoch parameter in `scheduler.step()` was not necessary and is being deprecated where possible. Please use `scheduler.step()` to step the scheduler. During the deprecation, if epoch is different from None, the closed form is used instead of the new chainable form, where available. Please open an issue if you are unable to replicate your use case: https://github.com/pytorch/pytorch/issues/new/choose.
  warnings.warn(EPOCH_DEPRECATION_WARNING, UserWarning)
{
  "epoch": 5,
  "loss": 0.012320299453862716,
  "src_top1": 94.28571428571428,
  "tgt_top1": 23.38269680436477,
  "tgt_tail_recall": 22.587036186410597,
  "tgt_macro_f1": 18.864524835690734,
  "tgt_ece": 0.25920331080328735,
  "cross_domain_gap": 70.90301748134951
}
{
  "epoch": 6,
  "loss": 0.021132995859828932,
  "src_top1": 93.42857142857143,
  "tgt_top1": 23.343725643024165,
  "tgt_tail_recall": 27.7723972964646,
  "tgt_macro_f1": 19.237483270982608,
  "tgt_ece": 0.2157984746798629,
  "cross_domain_gap": 70.08484578554726
}
{
  "epoch": 7,
  "loss": 0.007056518035903713,
  "src_top1": 97.92857142857143,
  "tgt_top1": 23.07092751363991,
  "tgt_tail_recall": 16.536077489060734,
  "tgt_macro_f1": 18.87144502393427,
  "tgt_ece": 0.2503794419026802,
  "cross_domain_gap": 74.85764391493151
}
{
  "epoch": 8,
  "loss": 0.008367414675609443,
  "src_top1": 95.64285714285714,
  "tgt_top1": 22.0576773187841,
  "tgt_tail_recall": 16.774011031397578,
  "tgt_macro_f1": 18.457375113021392,
  "tgt_ece": 0.1863073741818255,
  "cross_domain_gap": 73.58517982407304
}
{
  "epoch": 9,
  "loss": 0.034992215172460615,
  "src_top1": 95.28571428571428,
  "tgt_top1": 18.862042088854245,
  "tgt_tail_recall": 20.299394914083976,
  "tgt_macro_f1": 15.039771357801325,
  "tgt_ece": 0.323084797120754,
  "cross_domain_gap": 76.42367219686002
}
{
  "epoch": 10,
  "loss": 0.009715700545340296,
  "src_top1": 97.14285714285714,
  "tgt_top1": 21.551052221356194,
  "tgt_tail_recall": 18.965263794345518,
  "tgt_macro_f1": 16.681037397614435,
  "tgt_ece": 0.3262491597331601,
  "cross_domain_gap": 75.59180492150094
}
{
  "epoch": 11,
  "loss": 0.005529837235540332,
  "src_top1": 96.92857142857143,
  "tgt_top1": 19.99220576773188,
  "tgt_tail_recall": 12.78974882557134,
  "tgt_macro_f1": 14.684692572000582,
  "tgt_ece": 0.41498842083399684,
  "cross_domain_gap": 76.93636566083956
}
{
  "epoch": 12,
  "loss": 0.003551737901453171,
  "src_top1": 97.57142857142857,
  "tgt_top1": 16.874512860483243,
  "tgt_tail_recall": 9.607712017586302,
  "tgt_macro_f1": 12.522156222294106,
  "tgt_ece": 0.37706192005033706,
  "cross_domain_gap": 80.69691571094532
}
{
  "epoch": 13,
  "loss": 0.02201064980748409,
  "src_top1": 88.5,
  "tgt_top1": 12.236944660950897,
  "tgt_tail_recall": 8.921457437193343,
  "tgt_macro_f1": 8.105917086638268,
  "tgt_ece": 0.6276085052467935,
  "cross_domain_gap": 76.2630553390491
}
{
  "epoch": 14,
  "loss": 0.029268173895184997,
  "src_top1": 96.14285714285714,
  "tgt_top1": 18.355416991426342,
  "tgt_tail_recall": 17.488398120129812,
  "tgt_macro_f1": 12.720736578783058,
  "tgt_ece": 0.4254274542645979,
  "cross_domain_gap": 77.7874401514308
}
{
  "epoch": 15,
  "loss": 0.02204792712283307,
  "src_top1": 95.57142857142857,
  "tgt_top1": 16.445830085736553,
  "tgt_tail_recall": 16.214268958757184,
  "tgt_macro_f1": 11.961479515520153,
  "tgt_ece": 0.4677790682457986,
  "cross_domain_gap": 79.12559848569202
}
{
  "epoch": 16,
  "loss": 0.005065250917550285,
  "src_top1": 97.07142857142857,
  "tgt_top1": 18.160561184723303,
  "tgt_tail_recall": 16.499441748459198,
  "tgt_macro_f1": 12.90342034841204,
  "tgt_ece": 0.41507091779125366,
  "cross_domain_gap": 78.91086738670526
}
{
  "epoch": 17,
  "loss": 0.00883499376530688,
  "src_top1": 95.92857142857143,
  "tgt_top1": 14.575214341387374,
  "tgt_tail_recall": 11.007199078409558,
  "tgt_macro_f1": 9.863309951386121,
  "tgt_ece": 0.44160742175620876,
  "cross_domain_gap": 81.35335708718405
}
{
  "epoch": 18,
  "loss": 0.006414775544738972,
  "src_top1": 97.64285714285714,
  "tgt_top1": 16.835541699142635,
  "tgt_tail_recall": 11.456945950495548,
  "tgt_macro_f1": 12.28901937346638,
  "tgt_ece": 0.4416176500561082,
  "cross_domain_gap": 80.8073154437145
}
{
  "epoch": 19,
  "loss": 0.007928449965465692,
  "src_top1": 97.14285714285714,
  "tgt_top1": 16.835541699142635,
  "tgt_tail_recall": 13.459836559531373,
  "tgt_macro_f1": 12.734493452208845,
  "tgt_ece": 0.3979880787019886,
  "cross_domain_gap": 80.3073154437145
}
{
  "epoch": 20,
  "loss": 0.03719722334078541,
  "src_top1": 94.92857142857143,
  "tgt_top1": 14.224473889321901,
  "tgt_tail_recall": 14.731946451185859,
  "tgt_macro_f1": 10.765351695780714,
  "tgt_ece": 0.46269758201305144,
  "cross_domain_gap": 80.70409753924953
}
{
  "epoch": 21,
  "loss": 0.009950797283574394,
  "src_top1": 94.28571428571428,
  "tgt_top1": 16.679657053780204,
  "tgt_tail_recall": 16.050005426528323,
  "tgt_macro_f1": 12.33492621846228,
  "tgt_ece": 0.40041543851698735,
  "cross_domain_gap": 77.60605723193407
}
{
  "epoch": 22,
  "loss": 0.007138910180404059,
  "src_top1": 97.14285714285714,
  "tgt_top1": 18.27747466874513,
  "tgt_tail_recall": 13.940141026466165,
  "tgt_macro_f1": 14.504362690963932,
  "tgt_ece": 0.3617650947256982,
  "cross_domain_gap": 78.86538247411201
}
{
  "epoch": 23,
  "loss": 0.004533399219175215,
  "src_top1": 97.35714285714285,
  "tgt_top1": 18.97895557287607,
  "tgt_tail_recall": 15.53202330049633,
  "tgt_macro_f1": 14.448855824320558,
  "tgt_ece": 0.37933505271341506,
  "cross_domain_gap": 78.37818728426677
}
{
  "epoch": 24,
  "loss": 0.007568605506460944,
  "src_top1": 90.21428571428571,
  "tgt_top1": 17.848791893998442,
  "tgt_tail_recall": 18.007090714332385,
  "tgt_macro_f1": 13.470070028289452,
  "tgt_ece": 0.3273688606099049,
  "cross_domain_gap": 72.36549382028727
}
{
  "epoch": 25,
  "loss": 0.03418723695209803,
  "src_top1": 94.28571428571428,
  "tgt_top1": 14.302416212003118,
  "tgt_tail_recall": 15.79926971513258,
  "tgt_macro_f1": 11.686779247945555,
  "tgt_ece": 0.4554899323728757,
  "cross_domain_gap": 79.98329807371115
}
{
  "epoch": 26,
  "loss": 0.007108373781735945,
  "src_top1": 96.85714285714285,
  "tgt_top1": 18.550272798129384,
  "tgt_tail_recall": 17.534217237587917,
  "tgt_macro_f1": 15.045208864618113,
  "tgt_ece": 0.3773492247603735,
  "cross_domain_gap": 78.30687005901346
}
{
  "epoch": 27,
  "loss": 0.005053645323413838,
  "src_top1": 97.28571428571429,
  "tgt_top1": 17.42010911925175,
  "tgt_tail_recall": 14.207408828771118,
  "tgt_macro_f1": 13.53253265586439,
  "tgt_ece": 0.4370033926129434,
  "cross_domain_gap": 79.86560516646254
}
{
  "epoch": 28,
  "loss": 0.003907369754512062,
  "src_top1": 95.07142857142857,
  "tgt_top1": 15.861262665627434,
  "tgt_tail_recall": 15.7619928094555,
  "tgt_macro_f1": 11.76450493942748,
  "tgt_ece": 0.3744156448372341,
  "cross_domain_gap": 79.21016590580113
}
{
  "epoch": 29,
  "loss": 0.0320128314379458,
  "src_top1": 95.42857142857143,
  "tgt_top1": 17.731878409976616,
  "tgt_tail_recall": 15.640376560403856,
  "tgt_macro_f1": 13.824276388785496,
  "tgt_ece": 0.39895734830599044,
  "cross_domain_gap": 77.69669301859481
}
{
  "epoch": 30,
  "loss": 0.0060319970660856915,
  "src_top1": 95.85714285714285,
  "tgt_top1": 17.225253312548713,
  "tgt_tail_recall": 16.51793497933017,
  "tgt_macro_f1": 13.334679367155488,
  "tgt_ece": 0.39615393411992406,
  "cross_domain_gap": 78.63188954459413
}
{
  "epoch": 31,
  "loss": 0.00459137046122822,
  "src_top1": 97.5,
  "tgt_top1": 19.446609508963366,
  "tgt_tail_recall": 17.1699586527347,
  "tgt_macro_f1": 15.522126670827872,
  "tgt_ece": 0.37289192182006825,
  "cross_domain_gap": 78.05339049103664
}
{
  "epoch": 32,
  "loss": 0.00932762588750446,
  "src_top1": 95.42857142857143,
  "tgt_top1": 18.901013250194858,
  "tgt_tail_recall": 16.978881228031852,
  "tgt_macro_f1": 14.471736413293895,
  "tgt_ece": 0.42751067946501664,
  "cross_domain_gap": 76.52755817837658
}
{
  "epoch": 33,
  "loss": 0.007762165849678118,
  "src_top1": 95.64285714285714,
  "tgt_top1": 16.21200311769291,
  "tgt_tail_recall": 16.716028664802558,
  "tgt_macro_f1": 13.55110803668193,
  "tgt_ece": 0.3720322946204121,
  "cross_domain_gap": 79.43085402516422
}
{
  "epoch": 34,
  "loss": 0.003845747715892836,
  "src_top1": 97.14285714285714,
  "tgt_top1": 19.99220576773188,
  "tgt_tail_recall": 15.470779932228822,
  "tgt_macro_f1": 15.981678083521533,
  "tgt_ece": 0.3401080413154578,
  "cross_domain_gap": 77.15065137512526
}
{
  "epoch": 35,
  "loss": 0.004315117468352604,
  "src_top1": 93.28571428571428,
  "tgt_top1": 18.589243959469993,
  "tgt_tail_recall": 18.472772166737148,
  "tgt_macro_f1": 15.371221395601825,
  "tgt_ece": 0.39250959975126654,
  "cross_domain_gap": 74.69647032624428
}
{
  "epoch": 36,
  "loss": 0.011867093291441016,
  "src_top1": 93.85714285714286,
  "tgt_top1": 18.004676539360872,
  "tgt_tail_recall": 13.96649901407852,
  "tgt_macro_f1": 14.578998412168524,
  "tgt_ece": 0.39484571759311,
  "cross_domain_gap": 75.85246631778199
}
{
  "epoch": 37,
  "loss": 0.010387197936223204,
  "src_top1": 92.5,
  "tgt_top1": 19.056897895557288,
  "tgt_tail_recall": 18.201733763414843,
  "tgt_macro_f1": 14.402848536617588,
  "tgt_ece": 0.3609295801570986,
  "cross_domain_gap": 73.44310210444272
}
{
  "epoch": 38,
  "loss": 0.011178309725045877,
  "src_top1": 93.21428571428572,
  "tgt_top1": 16.913484021823848,
  "tgt_tail_recall": 15.676722264141613,
  "tgt_macro_f1": 12.20249081441601,
  "tgt_ece": 0.3535110432674944,
  "cross_domain_gap": 76.30080169246187
}
{
  "epoch": 39,
  "loss": 0.007077523544469591,
  "src_top1": 97.07142857142857,
  "tgt_top1": 16.679657053780204,
  "tgt_tail_recall": 12.832483446158879,
  "tgt_macro_f1": 12.884558884696915,
  "tgt_ece": 0.411637649410466,
  "cross_domain_gap": 80.39177151764837
}
{
  "epoch": 40,
  "loss": 0.0024494093372484154,
  "src_top1": 97.71428571428571,
  "tgt_top1": 18.6282151208106,
  "tgt_tail_recall": 13.677990681136762,
  "tgt_macro_f1": 14.735652331467211,
  "tgt_ece": 0.3663949216668808,
  "cross_domain_gap": 79.08607059347511
}
{
  "epoch": 41,
  "loss": 0.003019213042948687,
  "src_top1": 96.42857142857143,
  "tgt_top1": 16.640685892439596,
  "tgt_tail_recall": 13.944299688657408,
  "tgt_macro_f1": 13.09100086578493,
  "tgt_ece": 0.4153285760516685,
  "cross_domain_gap": 79.78788553613184
}
{
  "epoch": 42,
  "loss": 0.007811865943820804,
  "src_top1": 90.92857142857143,
  "tgt_top1": 13.13328137178488,
  "tgt_tail_recall": 14.692382181751231,
  "tgt_macro_f1": 9.525156412755136,
  "tgt_ece": 0.5426128440691174,
  "cross_domain_gap": 77.79529005678656
}
{
  "epoch": 43,
  "loss": 0.010819708917879027,
  "src_top1": 96.64285714285714,
  "tgt_top1": 18.472330475448167,
  "tgt_tail_recall": 19.739302831988223,
  "tgt_macro_f1": 13.771303898702984,
  "tgt_ece": 0.4042024626044538,
  "cross_domain_gap": 78.17052666740898
}
{
  "epoch": 44,
  "loss": 0.005315715345908613,
  "src_top1": 96.21428571428572,
  "tgt_top1": 13.795791114575215,
  "tgt_tail_recall": 13.665498638622548,
  "tgt_macro_f1": 10.550052133404588,
  "tgt_ece": 0.448055346697476,
  "cross_domain_gap": 82.41849459971051
}
{
  "epoch": 45,
  "loss": 0.009260496590901083,
  "src_top1": 93.07142857142857,
  "tgt_top1": 14.731098986749805,
  "tgt_tail_recall": 16.6448680985849,
  "tgt_macro_f1": 11.739484752769886,
  "tgt_ece": 0.4057121495117411,
  "cross_domain_gap": 78.34032958467877
}
{
  "epoch": 46,
  "loss": 0.014700713175604608,
  "src_top1": 96.85714285714285,
  "tgt_top1": 19.836321122369448,
  "tgt_tail_recall": 18.650276992926827,
  "tgt_macro_f1": 15.76334987790385,
  "tgt_ece": 0.37715158588307407,
  "cross_domain_gap": 77.02082173477339
}
{
  "epoch": 47,
  "loss": 0.004667106403339412,
  "src_top1": 97.21428571428572,
  "tgt_top1": 17.614964925954794,
  "tgt_tail_recall": 16.96510079894805,
  "tgt_macro_f1": 13.919458972475827,
  "tgt_ece": 0.4099944339323257,
  "cross_domain_gap": 79.59932078833093
}
{
  "epoch": 48,
  "loss": 0.004636202846329097,
  "src_top1": 97.42857142857143,
  "tgt_top1": 18.27747466874513,
  "tgt_tail_recall": 16.934522115197076,
  "tgt_macro_f1": 14.345717637106862,
  "tgt_ece": 0.42429699071059446,
  "cross_domain_gap": 79.1510967598263
}
{
  "epoch": 49,
  "loss": 0.0021090042966871417,
  "src_top1": 97.28571428571429,
  "tgt_top1": 18.550272798129384,
  "tgt_tail_recall": 14.959698724133276,
  "tgt_macro_f1": 14.293982023005695,
  "tgt_ece": 0.3736842415373212,
  "cross_domain_gap": 78.73544148758491
}
{
  "epoch": 50,
  "loss": 0.0018550139705635282,
  "src_top1": 97.28571428571429,
  "tgt_top1": 17.186282151208108,
  "tgt_tail_recall": 13.488941727300668,
  "tgt_macro_f1": 13.403228490393138,
  "tgt_ece": 0.384110680539582,
  "cross_domain_gap": 80.09943213450619
}
{
  "epoch": 51,
  "loss": 0.003245147772932556,
  "src_top1": 97.42857142857143,
  "tgt_top1": 17.653936087295403,
  "tgt_tail_recall": 14.341849618919161,
  "tgt_macro_f1": 14.172376677860669,
  "tgt_ece": 0.3531999977034047,
  "cross_domain_gap": 79.77463534127602
}
{
  "epoch": 52,
  "loss": 0.006919725484708616,
  "src_top1": 95.57142857142857,
  "tgt_top1": 16.01714731098987,
  "tgt_tail_recall": 13.26403777673873,
  "tgt_macro_f1": 11.532267143899348,
  "tgt_ece": 0.46311556759551,
  "cross_domain_gap": 79.5542812604387
}
{
  "epoch": 53,
  "loss": 0.004011487730851553,
  "src_top1": 97.64285714285714,
  "tgt_top1": 19.524551831644583,
  "tgt_tail_recall": 13.66319022142664,
  "tgt_macro_f1": 14.739686754838965,
  "tgt_ece": 0.3877444627432738,
  "cross_domain_gap": 78.11830531121255
}
{
  "epoch": 54,
  "loss": 0.004148410928665758,
  "src_top1": 97.28571428571429,
  "tgt_top1": 18.004676539360872,
  "tgt_tail_recall": 15.183913390841347,
  "tgt_macro_f1": 14.503481666070986,
  "tgt_ece": 0.36036252474306346,
  "cross_domain_gap": 79.28103774635342
}
{
  "epoch": 55,
  "loss": 0.0022407696452301866,
  "src_top1": 95.57142857142857,
  "tgt_top1": 16.913484021823848,
  "tgt_tail_recall": 14.75539748705265,
  "tgt_macro_f1": 13.673165592219435,
  "tgt_ece": 0.3376488599952365,
  "cross_domain_gap": 78.65794454960472
}
{
  "epoch": 56,
  "loss": 0.0027886021863699293,
  "src_top1": 97.57142857142857,
  "tgt_top1": 16.913484021823848,
  "tgt_tail_recall": 15.13467707010422,
  "tgt_macro_f1": 13.829391402265284,
  "tgt_ece": 0.4274102067857958,
  "cross_domain_gap": 80.65794454960472
}
{
  "epoch": 57,
  "loss": 0.0015347476544810112,
  "src_top1": 97.71428571428571,
  "tgt_top1": 18.82307092751364,
  "tgt_tail_recall": 14.242649585452153,
  "tgt_macro_f1": 13.725314356031792,
  "tgt_ece": 0.36640792331329475,
  "cross_domain_gap": 78.89121478677207
}
{
  "epoch": 58,
  "loss": 0.00267485848494549,
  "src_top1": 91.78571428571428,
  "tgt_top1": 16.874512860483243,
  "tgt_tail_recall": 16.603525610413232,
  "tgt_macro_f1": 13.148168918911784,
  "tgt_ece": 0.3272657421093059,
  "cross_domain_gap": 74.91120142523104
}
{
  "epoch": 59,
  "loss": 0.007805612750290525,
  "src_top1": 96.71428571428572,
  "tgt_top1": 17.186282151208108,
  "tgt_tail_recall": 14.496560694782795,
  "tgt_macro_f1": 13.189820456928475,
  "tgt_ece": 0.4214066181358006,
  "cross_domain_gap": 79.52800356307762
}
{
  "epoch": 60,
  "loss": 0.002300822438355334,
  "src_top1": 97.92857142857143,
  "tgt_top1": 19.40763834762276,
  "tgt_tail_recall": 15.102378938567346,
  "tgt_macro_f1": 14.791801678516926,
  "tgt_ece": 0.39043430496219167,
  "cross_domain_gap": 78.52093308094867
}
{
  "epoch": 61,
  "loss": 0.0035787739799441535,
  "src_top1": 91.42857142857143,
  "tgt_top1": 12.93842556508184,
  "tgt_tail_recall": 11.74742541682666,
  "tgt_macro_f1": 9.589634333300918,
  "tgt_ece": 0.4550711958961662,
  "cross_domain_gap": 78.49014586348959
}
{
  "epoch": 62,
  "loss": 0.005720423065247948,
  "src_top1": 97.57142857142857,
  "tgt_top1": 18.04364770070148,
  "tgt_tail_recall": 14.73953621525252,
  "tgt_macro_f1": 13.618695336314374,
  "tgt_ece": 0.4626391553207476,
  "cross_domain_gap": 79.52778087072709
}
{
  "epoch": 63,
  "loss": 0.002057881722025778,
  "src_top1": 98.0,
  "tgt_top1": 17.342166796570538,
  "tgt_tail_recall": 12.350794774696261,
  "tgt_macro_f1": 12.865904600869124,
  "tgt_ece": 0.3949272155831405,
  "cross_domain_gap": 80.65783320342946
}
{
  "epoch": 64,
  "loss": 0.0018374053880662962,
  "src_top1": 97.42857142857143,
  "tgt_top1": 17.887763055339047,
  "tgt_tail_recall": 16.5029903620354,
  "tgt_macro_f1": 13.762844560774681,
  "tgt_ece": 0.36511176453202104,
  "cross_domain_gap": 79.54080837323238
}
{
  "epoch": 65,
  "loss": 0.0019513629799815702,
  "src_top1": 96.78571428571429,
  "tgt_top1": 17.537022603273577,
  "tgt_tail_recall": 13.22487229461055,
  "tgt_macro_f1": 13.755044986099673,
  "tgt_ece": 0.4219462783863464,
  "cross_domain_gap": 79.24869168244072
}
{
  "epoch": 66,
  "loss": 0.0015034188981145192,
  "src_top1": 97.64285714285714,
  "tgt_top1": 20.265003897116134,
  "tgt_tail_recall": 15.689680208014908,
  "tgt_macro_f1": 14.869741472391587,
  "tgt_ece": 0.40782735850995905,
  "cross_domain_gap": 77.37785324574101
}
{
  "epoch": 67,
  "loss": 0.0011609282495535992,
  "src_top1": 97.35714285714285,
  "tgt_top1": 20.849571317225255,
  "tgt_tail_recall": 15.092788565514192,
  "tgt_macro_f1": 15.147243931927346,
  "tgt_ece": 0.39532045658245185,
  "cross_domain_gap": 76.50757153991759
}
{
  "epoch": 68,
  "loss": 0.0018850937018283999,
  "src_top1": 98.0,
  "tgt_top1": 16.56274356975838,
  "tgt_tail_recall": 12.650532035835823,
  "tgt_macro_f1": 13.445704474889384,
  "tgt_ece": 0.40113720278069087,
  "cross_domain_gap": 81.43725643024162
}
{
  "epoch": 69,
  "loss": 0.0013851291129770955,
  "src_top1": 97.35714285714285,
  "tgt_top1": 17.848791893998442,
  "tgt_tail_recall": 12.238096221847346,
  "tgt_macro_f1": 13.653924654673041,
  "tgt_ece": 0.43615102800464406,
  "cross_domain_gap": 79.50835096314441
}
{
  "epoch": 70,
  "loss": 0.0012798416144416394,
  "src_top1": 97.21428571428572,
  "tgt_top1": 19.524551831644583,
  "tgt_tail_recall": 14.396557543139494,
  "tgt_macro_f1": 16.195295213747162,
  "tgt_ece": 0.3608220726576803,
  "cross_domain_gap": 77.68973388264114
}
{
  "epoch": 71,
  "loss": 0.0015881986424606497,
  "src_top1": 97.64285714285714,
  "tgt_top1": 19.32969602494154,
  "tgt_tail_recall": 16.280886239565287,
  "tgt_macro_f1": 14.614333007952087,
  "tgt_ece": 0.36015315409619086,
  "cross_domain_gap": 78.3131611179156
}
{
  "epoch": 72,
  "loss": 0.002310952461839381,
  "src_top1": 97.92857142857143,
  "tgt_top1": 16.095089633671083,
  "tgt_tail_recall": 12.43637165340717,
  "tgt_macro_f1": 12.706666696204753,
  "tgt_ece": 0.40453604138975297,
  "cross_domain_gap": 81.83348179490035
}
{
  "epoch": 73,
  "loss": 0.0009714061143090265,
  "src_top1": 98.0,
  "tgt_top1": 17.653936087295403,
  "tgt_tail_recall": 11.938176614885105,
  "tgt_macro_f1": 13.45226090009793,
  "tgt_ece": 0.3962282102732155,
  "cross_domain_gap": 80.3460639127046
}
{
  "epoch": 74,
  "loss": 0.001053948820567055,
  "src_top1": 97.35714285714285,
  "tgt_top1": 19.095869056897897,
  "tgt_tail_recall": 17.018765626497753,
  "tgt_macro_f1": 14.947882627461665,
  "tgt_ece": 0.352403827659083,
  "cross_domain_gap": 78.26127380024495
}
{
  "epoch": 75,
  "loss": 0.0015549874773698037,
  "src_top1": 97.78571428571429,
  "tgt_top1": 17.225253312548713,
  "tgt_tail_recall": 13.905199418562875,
  "tgt_macro_f1": 13.281451869028668,
  "tgt_ece": 0.39496581767128947,
  "cross_domain_gap": 80.56046097316558
}
{
  "epoch": 76,
  "loss": 0.001110485648508642,
  "src_top1": 98.21428571428571,
  "tgt_top1": 18.862042088854245,
  "tgt_tail_recall": 13.444736678523899,
  "tgt_macro_f1": 15.22467298733152,
  "tgt_ece": 0.3715093459379412,
  "cross_domain_gap": 79.35224362543147
}
{
  "epoch": 77,
  "loss": 0.0008109004424688603,
  "src_top1": 98.14285714285714,
  "tgt_top1": 18.550272798129384,
  "tgt_tail_recall": 14.455444188294377,
  "tgt_macro_f1": 15.209908238707268,
  "tgt_ece": 0.3845314531821528,
  "cross_domain_gap": 79.59258434472775
}
{
  "epoch": 78,
  "loss": 0.0007544600983495347,
  "src_top1": 98.28571428571429,
  "tgt_top1": 20.420888542478565,
  "tgt_tail_recall": 15.13250744006589,
  "tgt_macro_f1": 17.05600841528394,
  "tgt_ece": 0.37153242929713015,
  "cross_domain_gap": 77.86482574323573
}
{
  "epoch": 79,
  "loss": 0.0005491281810082347,
  "src_top1": 98.35714285714286,
  "tgt_top1": 18.04364770070148,
  "tgt_tail_recall": 10.40891165954731,
  "tgt_macro_f1": 13.952364933974554,
  "tgt_ece": 0.42119337008890007,
  "cross_domain_gap": 80.31349515644138
}
{
  "epoch": 80,
  "loss": 0.0008455761090209736,
  "src_top1": 98.35714285714286,
  "tgt_top1": 15.354637568199534,
  "tgt_tail_recall": 11.462577866563077,
  "tgt_macro_f1": 12.571400338398526,
  "tgt_ece": 0.45869646777724815,
  "cross_domain_gap": 83.00250528894333
}
{
  "epoch": 81,
  "loss": 0.0010867987562893568,
  "src_top1": 98.14285714285714,
  "tgt_top1": 19.17381137957911,
  "tgt_tail_recall": 15.079907655127103,
  "tgt_macro_f1": 15.019876082551184,
  "tgt_ece": 0.4041098572737708,
  "cross_domain_gap": 78.96904576327803
}
{
  "epoch": 82,
  "loss": 0.0006834036829333275,
  "src_top1": 98.21428571428571,
  "tgt_top1": 16.71862821512081,
  "tgt_tail_recall": 11.911690646224294,
  "tgt_macro_f1": 12.948098038140685,
  "tgt_ece": 0.44554807493116183,
  "cross_domain_gap": 81.4956574991649
}
{
  "epoch": 83,
  "loss": 0.0008114306085006651,
  "src_top1": 98.28571428571429,
  "tgt_top1": 18.433359314107562,
  "tgt_tail_recall": 13.623406444313947,
  "tgt_macro_f1": 14.827925009568974,
  "tgt_ece": 0.39817448611358874,
  "cross_domain_gap": 79.85235497160673
}
{
  "epoch": 84,
  "loss": 0.0006941828505821024,
  "src_top1": 98.57142857142858,
  "tgt_top1": 16.874512860483243,
  "tgt_tail_recall": 13.313853390128108,
  "tgt_macro_f1": 13.842851377153856,
  "tgt_ece": 0.4445522007730587,
  "cross_domain_gap": 81.69691571094535
}
{
  "epoch": 85,
  "loss": 0.0005118793726827596,
  "src_top1": 98.14285714285714,
  "tgt_top1": 18.706157443491815,
  "tgt_tail_recall": 14.649817875440299,
  "tgt_macro_f1": 15.284357786035057,
  "tgt_ece": 0.39812843398781184,
  "cross_domain_gap": 79.43669969936532
}
{
  "epoch": 86,
  "loss": 0.0004813509612689843,
  "src_top1": 98.07142857142857,
  "tgt_top1": 19.368667186282153,
  "tgt_tail_recall": 15.774416394436969,
  "tgt_macro_f1": 16.233553783594818,
  "tgt_ece": 0.3718304588798425,
  "cross_domain_gap": 78.70276138514642
}
{
  "epoch": 87,
  "loss": 0.00046263539198298034,
  "src_top1": 98.42857142857143,
  "tgt_top1": 20.1091192517537,
  "tgt_tail_recall": 15.517205302730886,
  "tgt_macro_f1": 16.372303029996164,
  "tgt_ece": 0.3765105007598154,
  "cross_domain_gap": 78.31945217681773
}
{
  "epoch": 88,
  "loss": 0.00046134234468861196,
  "src_top1": 98.28571428571429,
  "tgt_top1": 18.6282151208106,
  "tgt_tail_recall": 15.243455622948925,
  "tgt_macro_f1": 15.451825063760424,
  "tgt_ece": 0.39716771644825405,
  "cross_domain_gap": 79.6574991649037
}
{
  "epoch": 89,
  "loss": 0.0003733471499385777,
  "src_top1": 98.35714285714286,
  "tgt_top1": 18.939984411535463,
  "tgt_tail_recall": 15.048620556115564,
  "tgt_macro_f1": 15.25520691035017,
  "tgt_ece": 0.40014523339173985,
  "cross_domain_gap": 79.4171584456074
}
{
  "epoch": 90,
  "loss": 0.0004065833760444124,
  "src_top1": 97.85714285714285,
  "tgt_top1": 19.056897895557288,
  "tgt_tail_recall": 13.209453489035589,
  "tgt_macro_f1": 15.402944292997631,
  "tgt_ece": 0.38938838815779675,
  "cross_domain_gap": 78.80024496158556
}
{
  "epoch": 91,
  "loss": 0.0003516226937287562,
  "src_top1": 98.07142857142857,
  "tgt_top1": 18.511301636788776,
  "tgt_tail_recall": 13.17682088286646,
  "tgt_macro_f1": 15.039491317130317,
  "tgt_ece": 0.39869558776344816,
  "cross_domain_gap": 79.5601269346398
}
{
  "epoch": 92,
  "loss": 0.0004698869033299649,
  "src_top1": 98.35714285714286,
  "tgt_top1": 18.901013250194858,
  "tgt_tail_recall": 12.90875841739671,
  "tgt_macro_f1": 15.294227079437144,
  "tgt_ece": 0.4004514949020239,
  "cross_domain_gap": 79.456129606948
}
{
  "epoch": 93,
  "loss": 0.0004369734710504338,
  "src_top1": 98.07142857142857,
  "tgt_top1": 18.589243959469993,
  "tgt_tail_recall": 13.042437267831392,
  "tgt_macro_f1": 15.202714846439381,
  "tgt_ece": 0.4027080402207951,
  "cross_domain_gap": 79.48218461195857
}
{
  "epoch": 94,
  "loss": 0.0003666766115549282,
  "src_top1": 98.28571428571429,
  "tgt_top1": 19.290724863600936,
  "tgt_tail_recall": 13.894566350348954,
  "tgt_macro_f1": 15.452536327275098,
  "tgt_ece": 0.38739618553909955,
  "cross_domain_gap": 78.99498942211335
}
{
  "epoch": 95,
  "loss": 0.0002998293412255276,
  "src_top1": 98.28571428571429,
  "tgt_top1": 19.251753702260327,
  "tgt_tail_recall": 13.827862814485488,
  "tgt_macro_f1": 15.196251472055158,
  "tgt_ece": 0.39385659119879374,
  "cross_domain_gap": 79.03396058345396
}
{
  "epoch": 96,
  "loss": 0.00030958233850288786,
  "src_top1": 98.28571428571429,
  "tgt_top1": 19.212782540919722,
  "tgt_tail_recall": 12.961127425822852,
  "tgt_macro_f1": 15.486187023402726,
  "tgt_ece": 0.41120180802380585,
  "cross_domain_gap": 79.07293174479457
}
{
  "epoch": 97,
  "loss": 0.000298866338059644,
  "src_top1": 98.21428571428571,
  "tgt_top1": 18.433359314107562,
  "tgt_tail_recall": 12.49277454083821,
  "tgt_macro_f1": 14.641888157922347,
  "tgt_ece": 0.4343120388669236,
  "cross_domain_gap": 79.78092640017815
}
{
  "epoch": 98,
  "loss": 0.00041947146303703247,
  "src_top1": 98.42857142857143,
  "tgt_top1": 18.589243959469993,
  "tgt_tail_recall": 12.894211009374846,
  "tgt_macro_f1": 14.793458356719228,
  "tgt_ece": 0.4188086443340416,
  "cross_domain_gap": 79.83932746910143
}
{
  "epoch": 99,
  "loss": 0.00024224659047437634,
  "src_top1": 98.42857142857143,
  "tgt_top1": 20.187061574434917,
  "tgt_tail_recall": 13.851496877125308,
  "tgt_macro_f1": 15.965434685348297,
  "tgt_ece": 0.3823270795638916,
  "cross_domain_gap": 78.24150985413651
}
{
  "epoch": 100,
  "loss": 0.0003035569231061699,
  "src_top1": 98.28571428571429,
  "tgt_top1": 19.680436477007017,
  "tgt_tail_recall": 13.422922535941337,
  "tgt_macro_f1": 15.849644369960112,
  "tgt_ece": 0.400460772326656,
  "cross_domain_gap": 78.60527780870727
}
[CD-APDM] training complete -> /root/data1/xzc/agri-cnz/runs/exp2-ours/ours-s0/cd_apdm_final.pt
[CD-APDM] iters: ccgan=1000 ssplam=300 mt=300

=== Target-domain results ===
{
  "top1": 7.131722525331255,
  "tail_recall": 15.439098948204691,
  "macro_f1": 5.173141406537128,
  "ece": 0.6060609001076881,
  "ablation": "full"
}
saved -> /root/data1/xzc/agri-cnz/runs/exp2-ours/ours-s0/bestval/eval_full.json
[CD-APDM] iters: ccgan=1000 ssplam=300 mt=300

=== Target-domain results ===
{
  "top1": 5.4559625876851126,
  "tail_recall": 17.179123524987357,
  "macro_f1": 3.362893939041408,
  "ece": 0.4563087887324492,
  "ablation": "full"
}
saved -> /root/data1/xzc/agri-cnz/runs/exp2-ours/ours-s0/final/eval_full.json
===== 2026-09-23T10:19:11+08:00 attempt 
[CD-APDM] device = cuda
[CD-APDM] /root/data1/xzc/agri-cnz/runs/exp2-ours/ours-s0 训练已完成（selection.json 存在），跳过
[CD-APDM] iters: ccgan=1000 ssplam=300 mt=300

=== Target-domain results ===
{
  "top1": 17.887763055339047,
  "tail_recall": 27.71190848861175,
  "macro_f1": 15.832631422309632,
  "ece": 0.23602880344131638,
  "ablation": "full"
}
saved -> /root/data1/xzc/agri-cnz/runs/exp2-ours/ours-s0/bestval/eval_full.json
[CD-APDM] iters: ccgan=1000 ssplam=300 mt=300

=== Target-domain results ===
{
  "top1": 17.92673421667966,
  "tail_recall": 29.50003039992966,
  "macro_f1": 15.479524351528523,
  "ece": 0.22036397203640462,
  "ablation": "full"
}
saved -> /root/data1/xzc/agri-cnz/runs/exp2-ours/ours-s0/final/eval_full.json
