===== 2026-09-23T11:28:02+08:00 attempt 
[CD-APDM] device = cuda
[CD-APDM] source train=23488  val=1400  target=2566  temporal=False
[CD-APDM] buckets: many=18 tail=10 -> tail_classes=[18, 19, 20, 21, 22, 23, 24, 25, 26, 27]
[CD-APDM] Fitting domain classifier (MDIWM)…
[CD-APDM] Pre-computing MDIWM instance weights…
[CD-APDM] lr: head=0.001, backbone=0.0001
/root/data1/xzc/agri-cnz/repo/code/src/train.py:324: FutureWarning: `torch.cuda.amp.GradScaler(args...)` is deprecated. Please use `torch.amp.GradScaler('cuda', args...)` instead.
  scaler = torch.cuda.amp.GradScaler(enabled=amp_enabled)
/root/data1/xzc/agri-cnz/repo/code/src/train.py:387: FutureWarning: `torch.cuda.amp.autocast(args...)` is deprecated. Please use `torch.amp.autocast('cuda', args...)` instead.
  with torch.cuda.amp.autocast(enabled=amp_enabled):
{
  "epoch": 1,
  "loss": 0.3121979102005101,
  "src_top1": 78.78571428571428,
  "tgt_top1": 15.315666406858924,
  "tgt_tail_recall": 18.661461107065207,
  "tgt_macro_f1": 12.742469883883182,
  "tgt_ece": 0.11890715229690121,
  "cross_domain_gap": 63.470047878855354
}
{
  "epoch": 2,
  "loss": 0.02164155013202017,
  "src_top1": 93.0,
  "tgt_top1": 20.265003897116134,
  "tgt_tail_recall": 18.058149906170158,
  "tgt_macro_f1": 16.467142304190226,
  "tgt_ece": 0.18349565578071475,
  "cross_domain_gap": 72.73499610288387
}
{
  "epoch": 3,
  "loss": 0.01272893617467635,
  "src_top1": 92.35714285714286,
  "tgt_top1": 26.65627435697584,
  "tgt_tail_recall": 19.083856000618088,
  "tgt_macro_f1": 20.887680270915837,
  "tgt_ece": 0.14020029314309473,
  "cross_domain_gap": 65.70086850016702
}
{
  "epoch": 4,
  "loss": 0.012859248554769253,
  "src_top1": 95.28571428571428,
  "tgt_top1": 26.851130163678878,
  "tgt_tail_recall": 22.558443581200997,
  "tgt_macro_f1": 21.961040684316288,
  "tgt_ece": 0.1296154375152484,
  "cross_domain_gap": 68.4345841220354
}
/root/data1/xzc/agri_ai_conda/envs/agri-ctta-py311-cuda-of5-v5-r2/lib/python3.11/site-packages/torch/optim/lr_scheduler.py:243: UserWarning: The epoch parameter in `scheduler.step()` was not necessary and is being deprecated where possible. Please use `scheduler.step()` to step the scheduler. During the deprecation, if epoch is different from None, the closed form is used instead of the new chainable form, where available. Please open an issue if you are unable to replicate your use case: https://github.com/pytorch/pytorch/issues/new/choose.
  warnings.warn(EPOCH_DEPRECATION_WARNING, UserWarning)
{
  "epoch": 5,
  "loss": 0.011542672396076675,
  "src_top1": 92.42857142857143,
  "tgt_top1": 18.121590023382698,
  "tgt_tail_recall": 19.059847350957966,
  "tgt_macro_f1": 14.312792564984106,
  "tgt_ece": 0.2813077859017223,
  "cross_domain_gap": 74.30698140518874
}
{
  "epoch": 6,
  "loss": 0.0126212084279218,
  "src_top1": 73.57142857142858,
  "tgt_top1": 16.095089633671083,
  "tgt_tail_recall": 27.24390769587194,
  "tgt_macro_f1": 12.103187908852176,
  "tgt_ece": 0.3528206974314417,
  "cross_domain_gap": 57.476338937757504
}
{
  "epoch": 7,
  "loss": 0.012972418409493074,
  "src_top1": 95.92857142857143,
  "tgt_top1": 26.734216679657052,
  "tgt_tail_recall": 22.691738082704248,
  "tgt_macro_f1": 20.747901258527065,
  "tgt_ece": 0.18995470380292956,
  "cross_domain_gap": 69.19435474891438
}
{
  "epoch": 8,
  "loss": 0.00860945077082902,
  "src_top1": 94.64285714285714,
  "tgt_top1": 24.78565861262666,
  "tgt_tail_recall": 23.101786356088343,
  "tgt_macro_f1": 20.33263970533273,
  "tgt_ece": 0.23506649329224694,
  "cross_domain_gap": 69.85719853023048
}
{
  "epoch": 9,
  "loss": 0.022030505460722827,
  "src_top1": 94.21428571428572,
  "tgt_top1": 18.316445830085737,
  "tgt_tail_recall": 19.71531171751508,
  "tgt_macro_f1": 13.923010892386332,
  "tgt_ece": 0.4099783205637013,
  "cross_domain_gap": 75.89783988419998
}
{
  "epoch": 10,
  "loss": 0.009092363245323382,
  "src_top1": 96.92857142857143,
  "tgt_top1": 20.654715510522216,
  "tgt_tail_recall": 21.141983528305964,
  "tgt_macro_f1": 16.01737542952831,
  "tgt_ece": 0.32110157298303077,
  "cross_domain_gap": 76.27385591804921
}
{
  "epoch": 11,
  "loss": 0.005621983057427397,
  "src_top1": 97.28571428571429,
  "tgt_top1": 19.875292283710056,
  "tgt_tail_recall": 19.82609451733571,
  "tgt_macro_f1": 15.341346671120512,
  "tgt_ece": 0.3746468378630171,
  "cross_domain_gap": 77.41042200200424
}
{
  "epoch": 12,
  "loss": 0.023946336045941655,
  "src_top1": 78.5,
  "tgt_top1": 15.861262665627434,
  "tgt_tail_recall": 19.99687454463719,
  "tgt_macro_f1": 12.03642470666786,
  "tgt_ece": 0.47049373939389466,
  "cross_domain_gap": 62.638737334372564
}
{
  "epoch": 13,
  "loss": 0.024160544565236145,
  "src_top1": 95.71428571428572,
  "tgt_top1": 19.485580670303975,
  "tgt_tail_recall": 18.90985668242047,
  "tgt_macro_f1": 16.59640924111608,
  "tgt_ece": 0.35612105189104704,
  "cross_domain_gap": 76.22870504398175
}
{
  "epoch": 14,
  "loss": 0.0050832023292181035,
  "src_top1": 97.5,
  "tgt_top1": 16.095089633671083,
  "tgt_tail_recall": 15.216700834869396,
  "tgt_macro_f1": 13.837696772540479,
  "tgt_ece": 0.44971428689309517,
  "cross_domain_gap": 81.40491036632892
}
{
  "epoch": 15,
  "loss": 0.04674453762300758,
  "src_top1": 84.5,
  "tgt_top1": 15.04286827747467,
  "tgt_tail_recall": 19.91368678166538,
  "tgt_macro_f1": 12.546324868248988,
  "tgt_ece": 0.22442758064470247,
  "cross_domain_gap": 69.45713172252533
}
{
  "epoch": 16,
  "loss": 0.01842249271095723,
  "src_top1": 95.85714285714285,
  "tgt_top1": 15.04286827747467,
  "tgt_tail_recall": 16.228540660661352,
  "tgt_macro_f1": 11.484409503117728,
  "tgt_ece": 0.46219248693096665,
  "cross_domain_gap": 80.81427457966818
}
{
  "epoch": 17,
  "loss": 0.00666045856900635,
  "src_top1": 96.0,
  "tgt_top1": 18.433359314107562,
  "tgt_tail_recall": 19.296867114758157,
  "tgt_macro_f1": 14.995656099415095,
  "tgt_ece": 0.27538013792163396,
  "cross_domain_gap": 77.56664068589244
}
{
  "epoch": 18,
  "loss": 0.005383469213142215,
  "src_top1": 94.21428571428572,
  "tgt_top1": 16.757599376461418,
  "tgt_tail_recall": 16.10705655625309,
  "tgt_macro_f1": 12.201405395353207,
  "tgt_ece": 0.38460475382622294,
  "cross_domain_gap": 77.45668633782431
}
{
  "epoch": 19,
  "loss": 0.007425364511571596,
  "src_top1": 90.07142857142857,
  "tgt_top1": 15.1987529228371,
  "tgt_tail_recall": 21.71722947428422,
  "tgt_macro_f1": 11.890860249543723,
  "tgt_ece": 0.29540037496751487,
  "cross_domain_gap": 74.87267564859147
}
{
  "epoch": 20,
  "loss": 0.013393650818882606,
  "src_top1": 95.85714285714285,
  "tgt_top1": 18.6282151208106,
  "tgt_tail_recall": 19.261528275205784,
  "tgt_macro_f1": 14.969540905208397,
  "tgt_ece": 0.36710228599660205,
  "cross_domain_gap": 77.22892773633225
}
{
  "epoch": 21,
  "loss": 0.003651622221510152,
  "src_top1": 97.07142857142857,
  "tgt_top1": 18.745128604832423,
  "tgt_tail_recall": 16.630189665365798,
  "tgt_macro_f1": 14.543450658361747,
  "tgt_ece": 0.3887674233390545,
  "cross_domain_gap": 78.32629996659614
}
{
  "epoch": 22,
  "loss": 0.0066676796458367184,
  "src_top1": 96.14285714285714,
  "tgt_top1": 17.30319563522993,
  "tgt_tail_recall": 15.413305151263318,
  "tgt_macro_f1": 13.658495299015005,
  "tgt_ece": 0.3521683144318528,
  "cross_domain_gap": 78.83966150762721
}
{
  "epoch": 23,
  "loss": 0.04202744934458336,
  "src_top1": 88.85714285714286,
  "tgt_top1": 14.575214341387374,
  "tgt_tail_recall": 19.402862421495023,
  "tgt_macro_f1": 10.231292353160807,
  "tgt_ece": 0.4516791882964659,
  "cross_domain_gap": 74.28192851575548
}
{
  "epoch": 24,
  "loss": 0.013031595663170074,
  "src_top1": 96.64285714285714,
  "tgt_top1": 18.6282151208106,
  "tgt_tail_recall": 19.707049092807154,
  "tgt_macro_f1": 14.757119191079001,
  "tgt_ece": 0.33711013849752075,
  "cross_domain_gap": 78.01464202204653
}
{
  "epoch": 25,
  "loss": 0.0056165843170798545,
  "src_top1": 95.07142857142857,
  "tgt_top1": 17.1473109898675,
  "tgt_tail_recall": 17.46771740015819,
  "tgt_macro_f1": 13.666880183996726,
  "tgt_ece": 0.3608435362211588,
  "cross_domain_gap": 77.92411758156106
}
{
  "epoch": 26,
  "loss": 0.00707747192321566,
  "src_top1": 96.07142857142857,
  "tgt_top1": 16.757599376461418,
  "tgt_tail_recall": 15.262279271609449,
  "tgt_macro_f1": 13.4986806091006,
  "tgt_ece": 0.4509211112530967,
  "cross_domain_gap": 79.31382919496716
}
{
  "epoch": 27,
  "loss": 0.004904687216964408,
  "src_top1": 95.42857142857143,
  "tgt_top1": 17.92673421667966,
  "tgt_tail_recall": 19.238845484587998,
  "tgt_macro_f1": 13.574197894100188,
  "tgt_ece": 0.40292262415737723,
  "cross_domain_gap": 77.50183721189177
}
{
  "epoch": 28,
  "loss": 0.004735637336234405,
  "src_top1": 97.07142857142857,
  "tgt_top1": 15.822291504286829,
  "tgt_tail_recall": 16.976366812909273,
  "tgt_macro_f1": 11.98808513462121,
  "tgt_ece": 0.45557121431349035,
  "cross_domain_gap": 81.24913706714175
}
{
  "epoch": 29,
  "loss": 0.0038262960071475957,
  "src_top1": 96.28571428571429,
  "tgt_top1": 15.705378020265004,
  "tgt_tail_recall": 18.473808415155226,
  "tgt_macro_f1": 13.076177798114502,
  "tgt_ece": 0.45018704343566834,
  "cross_domain_gap": 80.58033626544929
}
{
  "epoch": 30,
  "loss": 0.017630829172252047,
  "src_top1": 82.78571428571428,
  "tgt_top1": 13.717848791894,
  "tgt_tail_recall": 14.046922485711569,
  "tgt_macro_f1": 9.428444951177436,
  "tgt_ece": 0.5408761172859538,
  "cross_domain_gap": 69.06786549382028
}
{
  "epoch": 31,
  "loss": 0.028496595258806764,
  "src_top1": 93.42857142857143,
  "tgt_top1": 15.97817614964926,
  "tgt_tail_recall": 22.117362816803663,
  "tgt_macro_f1": 13.739938511871028,
  "tgt_ece": 0.4542811420381022,
  "cross_domain_gap": 77.45039527892217
}
{
  "epoch": 32,
  "loss": 0.0067542392269001475,
  "src_top1": 96.07142857142857,
  "tgt_top1": 16.56274356975838,
  "tgt_tail_recall": 15.254270325744715,
  "tgt_macro_f1": 13.125352678128813,
  "tgt_ece": 0.43453486514911455,
  "cross_domain_gap": 79.50868500167019
}
{
  "epoch": 33,
  "loss": 0.004589610058271545,
  "src_top1": 97.07142857142857,
  "tgt_top1": 16.71862821512081,
  "tgt_tail_recall": 16.23835299025406,
  "tgt_macro_f1": 13.175490185174372,
  "tgt_ece": 0.44715410574329895,
  "cross_domain_gap": 80.35280035630777
}
{
  "epoch": 34,
  "loss": 0.00809091789605431,
  "src_top1": 96.5,
  "tgt_top1": 16.406858924395948,
  "tgt_tail_recall": 14.484843233951366,
  "tgt_macro_f1": 12.114091756028635,
  "tgt_ece": 0.4178215758591914,
  "cross_domain_gap": 80.09314107560405
}
{
  "epoch": 35,
  "loss": 0.004487426295561357,
  "src_top1": 97.28571428571429,
  "tgt_top1": 15.97817614964926,
  "tgt_tail_recall": 14.924774089536049,
  "tgt_macro_f1": 12.9956467039156,
  "tgt_ece": 0.45062542680015066,
  "cross_domain_gap": 81.30753813606503
}
{
  "epoch": 36,
  "loss": 0.003005879435791984,
  "src_top1": 93.28571428571428,
  "tgt_top1": 18.004676539360872,
  "tgt_tail_recall": 16.306059101238425,
  "tgt_macro_f1": 13.383086633940685,
  "tgt_ece": 0.3521064631640911,
  "cross_domain_gap": 75.2810377463534
}
{
  "epoch": 37,
  "loss": 0.009884770577816275,
  "src_top1": 94.28571428571428,
  "tgt_top1": 16.445830085736553,
  "tgt_tail_recall": 21.41452632020388,
  "tgt_macro_f1": 13.367730494241517,
  "tgt_ece": 0.3736857326638856,
  "cross_domain_gap": 77.83988419997772
}
{
  "epoch": 38,
  "loss": 0.01710179015527459,
  "src_top1": 94.92857142857143,
  "tgt_top1": 13.67887763055339,
  "tgt_tail_recall": 11.817733098459197,
  "tgt_macro_f1": 10.534981477320585,
  "tgt_ece": 0.533059533278945,
  "cross_domain_gap": 81.24969379801804
}
{
  "epoch": 39,
  "loss": 0.005975497625555656,
  "src_top1": 96.21428571428572,
  "tgt_top1": 15.471551052221354,
  "tgt_tail_recall": 15.933544685068652,
  "tgt_macro_f1": 12.406012022727472,
  "tgt_ece": 0.452510596561483,
  "cross_domain_gap": 80.74273466206436
}
{
  "epoch": 40,
  "loss": 0.002854022382317956,
  "src_top1": 96.42857142857143,
  "tgt_top1": 17.692907248636008,
  "tgt_tail_recall": 18.30877201781734,
  "tgt_macro_f1": 13.77779472758111,
  "tgt_ece": 0.3924349717917799,
  "cross_domain_gap": 78.73566417993543
}
{
  "epoch": 41,
  "loss": 0.0032767703437023704,
  "src_top1": 87.42857142857143,
  "tgt_top1": 10.989867498051442,
  "tgt_tail_recall": 19.6557668682482,
  "tgt_macro_f1": 7.913875586182269,
  "tgt_ece": 0.563690650130935,
  "cross_domain_gap": 76.43870393051999
}
{
  "epoch": 42,
  "loss": 0.02277534616396893,
  "src_top1": 94.85714285714286,
  "tgt_top1": 13.91270459859704,
  "tgt_tail_recall": 14.594442492861988,
  "tgt_macro_f1": 11.194834980226995,
  "tgt_ece": 0.4554894109106305,
  "cross_domain_gap": 80.94443825854582
}
{
  "epoch": 43,
  "loss": 0.006564883718281595,
  "src_top1": 96.78571428571429,
  "tgt_top1": 15.43257989088075,
  "tgt_tail_recall": 14.1052012567727,
  "tgt_macro_f1": 11.994742401036284,
  "tgt_ece": 0.4769641310499222,
  "cross_domain_gap": 81.35313439483355
}
{
  "epoch": 44,
  "loss": 0.005561724447559442,
  "src_top1": 97.0,
  "tgt_top1": 14.65315666406859,
  "tgt_tail_recall": 12.789604378599076,
  "tgt_macro_f1": 11.071729603700097,
  "tgt_ece": 0.49816732423340815,
  "cross_domain_gap": 82.34684333593141
}
{
  "epoch": 45,
  "loss": 0.002904016075485953,
  "src_top1": 96.42857142857143,
  "tgt_top1": 14.185502727981294,
  "tgt_tail_recall": 13.692098162542019,
  "tgt_macro_f1": 10.537535682574877,
  "tgt_ece": 0.4815062955921967,
  "cross_domain_gap": 82.24306870059013
}
{
  "epoch": 46,
  "loss": 0.002997594455869904,
  "src_top1": 96.57142857142857,
  "tgt_top1": 15.900233826968044,
  "tgt_tail_recall": 12.518424482325658,
  "tgt_macro_f1": 12.191204369981483,
  "tgt_ece": 0.4433821720896479,
  "cross_domain_gap": 80.67119474446052
}
{
  "epoch": 47,
  "loss": 0.005176614889616054,
  "src_top1": 89.71428571428571,
  "tgt_top1": 14.41932969602494,
  "tgt_tail_recall": 19.91193762087786,
  "tgt_macro_f1": 10.258354222182247,
  "tgt_ece": 0.4064675245204663,
  "cross_domain_gap": 75.29495601826076
}
{
  "epoch": 48,
  "loss": 0.017391659023207853,
  "src_top1": 96.5,
  "tgt_top1": 14.80904130943102,
  "tgt_tail_recall": 12.586983381696676,
  "tgt_macro_f1": 12.291384362298707,
  "tgt_ece": 0.45046855954689985,
  "cross_domain_gap": 81.69095869056898
}
{
  "epoch": 49,
  "loss": 0.0053797708344103376,
  "src_top1": 96.57142857142857,
  "tgt_top1": 17.92673421667966,
  "tgt_tail_recall": 15.56147967219021,
  "tgt_macro_f1": 14.375188158992167,
  "tgt_ece": 0.37556817433096334,
  "cross_domain_gap": 78.6446943547489
}
{
  "epoch": 50,
  "loss": 0.0029516507079935827,
  "src_top1": 96.71428571428572,
  "tgt_top1": 17.92673421667966,
  "tgt_tail_recall": 14.02143606792439,
  "tgt_macro_f1": 14.659264720837717,
  "tgt_ece": 0.3756468505311876,
  "cross_domain_gap": 78.78755149760606
}
{
  "epoch": 51,
  "loss": 0.0030942037483898004,
  "src_top1": 96.57142857142857,
  "tgt_top1": 16.757599376461418,
  "tgt_tail_recall": 13.887088085381016,
  "tgt_macro_f1": 14.122761998244332,
  "tgt_ece": 0.358477281013087,
  "cross_domain_gap": 79.81382919496716
}
{
  "epoch": 52,
  "loss": 0.0022302895288998344,
  "src_top1": 97.5,
  "tgt_top1": 16.250974279033514,
  "tgt_tail_recall": 11.816350320008121,
  "tgt_macro_f1": 13.162669047757985,
  "tgt_ece": 0.40180442092572904,
  "cross_domain_gap": 81.24902572096649
}
{
  "epoch": 53,
  "loss": 0.005468966680216398,
  "src_top1": 96.28571428571429,
  "tgt_top1": 16.134060795011692,
  "tgt_tail_recall": 11.20922634780435,
  "tgt_macro_f1": 12.354363674346907,
  "tgt_ece": 0.3729764331024741,
  "cross_domain_gap": 80.1516534907026
}
{
  "epoch": 54,
  "loss": 0.005761748421644603,
  "src_top1": 96.85714285714285,
  "tgt_top1": 15.861262665627434,
  "tgt_tail_recall": 16.114485362839247,
  "tgt_macro_f1": 12.254479379947066,
  "tgt_ece": 0.4211716242047463,
  "cross_domain_gap": 80.99588019151541
}
{
  "epoch": 55,
  "loss": 0.004654364252363618,
  "src_top1": 95.71428571428572,
  "tgt_top1": 15.900233826968044,
  "tgt_tail_recall": 13.948964558873906,
  "tgt_macro_f1": 12.623140025549922,
  "tgt_ece": 0.458600044314367,
  "cross_domain_gap": 79.81405188731767
}
{
  "epoch": 56,
  "loss": 0.0035111435739547444,
  "src_top1": 97.07142857142857,
  "tgt_top1": 17.537022603273577,
  "tgt_tail_recall": 18.11397344755968,
  "tgt_macro_f1": 14.461516906827557,
  "tgt_ece": 0.41425688519481557,
  "cross_domain_gap": 79.534405968155
}
{
  "epoch": 57,
  "loss": 0.002390984391240636,
  "src_top1": 96.64285714285714,
  "tgt_top1": 17.887763055339047,
  "tgt_tail_recall": 14.340957035986005,
  "tgt_macro_f1": 13.923793844122242,
  "tgt_ece": 0.40959272771748545,
  "cross_domain_gap": 78.75509408751809
}
{
  "epoch": 58,
  "loss": 0.0020249941520620015,
  "src_top1": 97.92857142857143,
  "tgt_top1": 17.069368667186282,
  "tgt_tail_recall": 13.947307267117893,
  "tgt_macro_f1": 13.819051590794434,
  "tgt_ece": 0.4221617484832544,
  "cross_domain_gap": 80.85920276138515
}
{
  "epoch": 59,
  "loss": 0.002173814493725844,
  "src_top1": 96.57142857142857,
  "tgt_top1": 17.887763055339047,
  "tgt_tail_recall": 10.29096425692281,
  "tgt_macro_f1": 14.138852979130132,
  "tgt_ece": 0.38454529574534335,
  "cross_domain_gap": 78.68366551608952
}
{
  "epoch": 60,
  "loss": 0.007267548774147967,
  "src_top1": 92.92857142857143,
  "tgt_top1": 15.354637568199534,
  "tgt_tail_recall": 13.248020033143778,
  "tgt_macro_f1": 10.030824676775495,
  "tgt_ece": 0.6086829051154717,
  "cross_domain_gap": 77.5739338603719
}
{
  "epoch": 61,
  "loss": 0.0072283093621289375,
  "src_top1": 97.64285714285714,
  "tgt_top1": 16.134060795011692,
  "tgt_tail_recall": 14.35736927665086,
  "tgt_macro_f1": 13.169745958157018,
  "tgt_ece": 0.4845736035300434,
  "cross_domain_gap": 81.50879634784545
}
{
  "epoch": 62,
  "loss": 0.0022290561327571413,
  "src_top1": 97.64285714285714,
  "tgt_top1": 17.965705378020267,
  "tgt_tail_recall": 15.151269055826798,
  "tgt_macro_f1": 14.771539462461552,
  "tgt_ece": 0.40994948497737466,
  "cross_domain_gap": 79.67715176483688
}
{
  "epoch": 63,
  "loss": 0.0017069889942933256,
  "src_top1": 98.64285714285714,
  "tgt_top1": 17.614964925954794,
  "tgt_tail_recall": 12.781054695065256,
  "tgt_macro_f1": 13.902956870018407,
  "tgt_ece": 0.40926014899115776,
  "cross_domain_gap": 81.02789221690234
}
{
  "epoch": 64,
  "loss": 0.0011592422071736886,
  "src_top1": 98.07142857142857,
  "tgt_top1": 18.08261886204209,
  "tgt_tail_recall": 11.249036833158792,
  "tgt_macro_f1": 13.977332612681767,
  "tgt_ece": 0.42260893600661126,
  "cross_domain_gap": 79.98880970938649
}
{
  "epoch": 65,
  "loss": 0.0013175675912490334,
  "src_top1": 97.78571428571429,
  "tgt_top1": 18.004676539360872,
  "tgt_tail_recall": 14.072492850249073,
  "tgt_macro_f1": 15.06663458041649,
  "tgt_ece": 0.3956514422985742,
  "cross_domain_gap": 79.78103774635342
}
{
  "epoch": 66,
  "loss": 0.0022344776284242158,
  "src_top1": 97.71428571428571,
  "tgt_top1": 17.809820732657833,
  "tgt_tail_recall": 15.577660485266337,
  "tgt_macro_f1": 14.432118867750873,
  "tgt_ece": 0.39334977395536375,
  "cross_domain_gap": 79.90446498162788
}
{
  "epoch": 67,
  "loss": 0.002042158763977107,
  "src_top1": 97.28571428571429,
  "tgt_top1": 17.653936087295403,
  "tgt_tail_recall": 12.004659742224248,
  "tgt_macro_f1": 14.06331409675858,
  "tgt_ece": 0.4451723499448617,
  "cross_domain_gap": 79.63177819841889
}
{
  "epoch": 68,
  "loss": 0.0014579851222424375,
  "src_top1": 97.85714285714285,
  "tgt_top1": 17.225253312548713,
  "tgt_tail_recall": 12.039308618343226,
  "tgt_macro_f1": 14.081787828608647,
  "tgt_ece": 0.4838769775891527,
  "cross_domain_gap": 80.63188954459413
}
{
  "epoch": 69,
  "loss": 0.001504893633593051,
  "src_top1": 98.0,
  "tgt_top1": 19.368667186282153,
  "tgt_tail_recall": 17.349264426711592,
  "tgt_macro_f1": 15.853056015632507,
  "tgt_ece": 0.36431951591467726,
  "cross_domain_gap": 78.63133281371785
}
{
  "epoch": 70,
  "loss": 0.0010505356651103472,
  "src_top1": 98.42857142857143,
  "tgt_top1": 20.031176929072487,
  "tgt_tail_recall": 14.774263321597989,
  "tgt_macro_f1": 15.546438839694746,
  "tgt_ece": 0.3981087357793018,
  "cross_domain_gap": 78.39739449949894
}
{
  "epoch": 71,
  "loss": 0.002053018844781135,
  "src_top1": 97.21428571428572,
  "tgt_top1": 17.692907248636008,
  "tgt_tail_recall": 14.602770336101667,
  "tgt_macro_f1": 13.75765460583539,
  "tgt_ece": 0.42252205313994184,
  "cross_domain_gap": 79.52137846564972
}
{
  "epoch": 72,
  "loss": 0.007096671533852897,
  "src_top1": 97.71428571428571,
  "tgt_top1": 16.445830085736553,
  "tgt_tail_recall": 11.982886262551514,
  "tgt_macro_f1": 12.388031230332775,
  "tgt_ece": 0.46968479497490323,
  "cross_domain_gap": 81.26845562854916
}
{
  "epoch": 73,
  "loss": 0.001003052142595194,
  "src_top1": 97.85714285714285,
  "tgt_top1": 18.316445830085737,
  "tgt_tail_recall": 15.701208659283877,
  "tgt_macro_f1": 13.810214052717976,
  "tgt_ece": 0.4559545602739461,
  "cross_domain_gap": 79.5406970270571
}
{
  "epoch": 74,
  "loss": 0.0011424212561707478,
  "src_top1": 98.28571428571429,
  "tgt_top1": 16.1730319563523,
  "tgt_tail_recall": 12.591729282472086,
  "tgt_macro_f1": 12.097314487831245,
  "tgt_ece": 0.5131536172564989,
  "cross_domain_gap": 82.11268232936199
}
{
  "epoch": 75,
  "loss": 0.0011217175655751977,
  "src_top1": 98.14285714285714,
  "tgt_top1": 17.1473109898675,
  "tgt_tail_recall": 12.474586144282721,
  "tgt_macro_f1": 13.63982488561751,
  "tgt_ece": 0.46113051348079115,
  "cross_domain_gap": 80.99554615298965
}
{
  "epoch": 76,
  "loss": 0.0011131584330940944,
  "src_top1": 98.0,
  "tgt_top1": 17.537022603273577,
  "tgt_tail_recall": 12.82342714384675,
  "tgt_macro_f1": 14.049201624700247,
  "tgt_ece": 0.43408616398194766,
  "cross_domain_gap": 80.46297739672642
}
{
  "epoch": 77,
  "loss": 0.0008821005403320069,
  "src_top1": 98.35714285714286,
  "tgt_top1": 16.445830085736553,
  "tgt_tail_recall": 13.491521115711036,
  "tgt_macro_f1": 12.88799730595731,
  "tgt_ece": 0.43179886046265686,
  "cross_domain_gap": 81.9113127714063
}
{
  "epoch": 78,
  "loss": 0.0007941137564532939,
  "src_top1": 98.42857142857143,
  "tgt_top1": 17.1473109898675,
  "tgt_tail_recall": 12.817661642084035,
  "tgt_macro_f1": 13.909096377852471,
  "tgt_ece": 0.4709763915240997,
  "cross_domain_gap": 81.28126043870392
}
{
  "epoch": 79,
  "loss": 0.0007847028626880814,
  "src_top1": 98.5,
  "tgt_top1": 17.26422447388932,
  "tgt_tail_recall": 13.322407151337917,
  "tgt_macro_f1": 13.473189448551931,
  "tgt_ece": 0.43080180439740906,
  "cross_domain_gap": 81.23577552611067
}
{
  "epoch": 80,
  "loss": 0.000643703919268211,
  "src_top1": 98.0,
  "tgt_top1": 18.08261886204209,
  "tgt_tail_recall": 13.272362832911247,
  "tgt_macro_f1": 14.593721409214016,
  "tgt_ece": 0.41897598365996835,
  "cross_domain_gap": 79.9173811379579
}
{
  "epoch": 81,
  "loss": 0.0005564823191735798,
  "src_top1": 98.07142857142857,
  "tgt_top1": 17.030397505845674,
  "tgt_tail_recall": 11.164037681726596,
  "tgt_macro_f1": 13.589452575371128,
  "tgt_ece": 0.47267636222966647,
  "cross_domain_gap": 81.0410310655829
}
{
  "epoch": 82,
  "loss": 0.000824029490297593,
  "src_top1": 98.14285714285714,
  "tgt_top1": 17.42010911925175,
  "tgt_tail_recall": 13.741896409023175,
  "tgt_macro_f1": 14.111506292732741,
  "tgt_ece": 0.41584495671633526,
  "cross_domain_gap": 80.72274802360539
}
{
  "epoch": 83,
  "loss": 0.0005952749276237014,
  "src_top1": 98.0,
  "tgt_top1": 18.19953234606391,
  "tgt_tail_recall": 13.307709649495886,
  "tgt_macro_f1": 14.481909804589273,
  "tgt_ece": 0.42316844121539215,
  "cross_domain_gap": 79.8004676539361
}
{
  "epoch": 84,
  "loss": 0.000654670201754935,
  "src_top1": 97.92857142857143,
  "tgt_top1": 17.42010911925175,
  "tgt_tail_recall": 14.196910129626112,
  "tgt_macro_f1": 14.185202233897881,
  "tgt_ece": 0.4127449371902068,
  "cross_domain_gap": 80.50846230931968
}
{
  "epoch": 85,
  "loss": 0.0007454098893489255,
  "src_top1": 97.85714285714285,
  "tgt_top1": 17.225253312548713,
  "tgt_tail_recall": 10.904804238417674,
  "tgt_macro_f1": 12.974826329859576,
  "tgt_ece": 0.4363003920586612,
  "cross_domain_gap": 80.63188954459413
}
{
  "epoch": 86,
  "loss": 0.0005281903912928051,
  "src_top1": 97.92857142857143,
  "tgt_top1": 17.459080280592364,
  "tgt_tail_recall": 11.602682729237452,
  "tgt_macro_f1": 13.32608792350479,
  "tgt_ece": 0.444615209308204,
  "cross_domain_gap": 80.46949114797907
}
{
  "epoch": 87,
  "loss": 0.0004921471021903971,
  "src_top1": 98.28571428571429,
  "tgt_top1": 17.30319563522993,
  "tgt_tail_recall": 12.59965423613367,
  "tgt_macro_f1": 13.717686636704544,
  "tgt_ece": 0.4623386723425643,
  "cross_domain_gap": 80.98251865048437
}
{
  "epoch": 88,
  "loss": 0.00045477395658279383,
  "src_top1": 98.35714285714286,
  "tgt_top1": 17.186282151208108,
  "tgt_tail_recall": 11.714164954428005,
  "tgt_macro_f1": 13.527305236667383,
  "tgt_ece": 0.4466853599359491,
  "cross_domain_gap": 81.17086070593476
}
{
  "epoch": 89,
  "loss": 0.0004976013758309211,
  "src_top1": 98.42857142857143,
  "tgt_top1": 17.614964925954794,
  "tgt_tail_recall": 11.548833085235069,
  "tgt_macro_f1": 13.937259898225088,
  "tgt_ece": 0.44836977109696285,
  "cross_domain_gap": 80.81360650261664
}
{
  "epoch": 90,
  "loss": 0.00045637910255627947,
  "src_top1": 98.57142857142858,
  "tgt_top1": 17.342166796570538,
  "tgt_tail_recall": 11.072095755025993,
  "tgt_macro_f1": 13.688037683566751,
  "tgt_ece": 0.4633441792128844,
  "cross_domain_gap": 81.22926177485805
}
{
  "epoch": 91,
  "loss": 0.0004426448248577749,
  "src_top1": 98.28571428571429,
  "tgt_top1": 17.965705378020267,
  "tgt_tail_recall": 12.195458947187031,
  "tgt_macro_f1": 14.244672729568878,
  "tgt_ece": 0.42228443303892416,
  "cross_domain_gap": 80.32000890769402
}
{
  "epoch": 92,
  "loss": 0.0004270810241776699,
  "src_top1": 98.5,
  "tgt_top1": 17.10833982852689,
  "tgt_tail_recall": 11.371950229821044,
  "tgt_macro_f1": 13.512043798353005,
  "tgt_ece": 0.4574076086485981,
  "cross_domain_gap": 81.3916601714731
}
{
  "epoch": 93,
  "loss": 0.0005038930972468907,
  "src_top1": 98.07142857142857,
  "tgt_top1": 17.614964925954794,
  "tgt_tail_recall": 12.063733146461649,
  "tgt_macro_f1": 13.888186615299247,
  "tgt_ece": 0.43758559618392034,
  "cross_domain_gap": 80.45646364547378
}
{
  "epoch": 94,
  "loss": 0.0004038458739980258,
  "src_top1": 98.42857142857143,
  "tgt_top1": 16.796570537802026,
  "tgt_tail_recall": 11.480690892255922,
  "tgt_macro_f1": 13.08881550868281,
  "tgt_ece": 0.46293057751023753,
  "cross_domain_gap": 81.6320008907694
}
{
  "epoch": 95,
  "loss": 0.0004391366757118389,
  "src_top1": 98.35714285714286,
  "tgt_top1": 17.459080280592364,
  "tgt_tail_recall": 12.072727484423378,
  "tgt_macro_f1": 14.044988282106635,
  "tgt_ece": 0.44187111013212527,
  "cross_domain_gap": 80.8980625765505
}
{
  "epoch": 96,
  "loss": 0.00036028467790388287,
  "src_top1": 98.28571428571429,
  "tgt_top1": 16.99142634450507,
  "tgt_tail_recall": 11.8656079892965,
  "tgt_macro_f1": 13.517343771610744,
  "tgt_ece": 0.4601661843347159,
  "cross_domain_gap": 81.29428794120922
}
{
  "epoch": 97,
  "loss": 0.0004116729932251206,
  "src_top1": 98.5,
  "tgt_top1": 17.575993764614186,
  "tgt_tail_recall": 12.202397069918598,
  "tgt_macro_f1": 14.01856996794626,
  "tgt_ece": 0.4410938668069854,
  "cross_domain_gap": 80.92400623538582
}
{
  "epoch": 98,
  "loss": 0.00037266537379412586,
  "src_top1": 98.35714285714286,
  "tgt_top1": 17.1473109898675,
  "tgt_tail_recall": 11.346657703611934,
  "tgt_macro_f1": 13.488661287816914,
  "tgt_ece": 0.46579030196785653,
  "cross_domain_gap": 81.20983186727537
}
{
  "epoch": 99,
  "loss": 0.00039105881797343574,
  "src_top1": 98.57142857142858,
  "tgt_top1": 17.030397505845674,
  "tgt_tail_recall": 12.11305788285645,
  "tgt_macro_f1": 13.497710686438921,
  "tgt_ece": 0.45088709855128434,
  "cross_domain_gap": 81.54103106558291
}
{
  "epoch": 100,
  "loss": 0.00033627530618784106,
  "src_top1": 98.42857142857143,
  "tgt_top1": 17.225253312548713,
  "tgt_tail_recall": 12.029564438962561,
  "tgt_macro_f1": 13.694876358940574,
  "tgt_ece": 0.4467217839632941,
  "cross_domain_gap": 81.20331811602271
}
[CD-APDM] training complete -> /root/data1/xzc/agri-cnz/runs/exp2-ours/ours-s2/cd_apdm_final.pt
[CD-APDM] iters: ccgan=1000 ssplam=300 mt=300

=== Target-domain results ===
{
  "top1": 17.1473109898675,
  "tail_recall": 23.78416772254548,
  "macro_f1": 14.925009581963652,
  "ece": 0.3164174130254672,
  "ablation": "full"
}
saved -> /root/data1/xzc/agri-cnz/runs/exp2-ours/ours-s2/bestval/eval_full.json
[CD-APDM] iters: ccgan=1000 ssplam=300 mt=300

=== Target-domain results ===
{
  "top1": 15.705378020265004,
  "tail_recall": 25.9464379072844,
  "macro_f1": 13.872550473213712,
  "ece": 0.2688493065199207,
  "ablation": "full"
}
saved -> /root/data1/xzc/agri-cnz/runs/exp2-ours/ours-s2/final/eval_full.json
