===== 2026-09-23T14:52:31+08:00 attempt 
[CD-APDM] device = cuda
[CD-APDM] source train=23488  val=1400  target=2566  temporal=False
[CD-APDM] buckets: many=18 tail=10 -> tail_classes=[18, 19, 20, 21, 22, 23, 24, 25, 26, 27]
[CD-APDM] Fitting domain classifier (MDIWM)…
[CD-APDM] Pre-computing MDIWM instance weights…
[CD-APDM] lr: head=0.001, backbone=0.0001
/root/data1/xzc/agri-cnz/repo/code/src/train.py:324: FutureWarning: `torch.cuda.amp.GradScaler(args...)` is deprecated. Please use `torch.amp.GradScaler('cuda', args...)` instead.
  scaler = torch.cuda.amp.GradScaler(enabled=amp_enabled)
/root/data1/xzc/agri-cnz/repo/code/src/train.py:387: FutureWarning: `torch.cuda.amp.autocast(args...)` is deprecated. Please use `torch.amp.autocast('cuda', args...)` instead.
  with torch.cuda.amp.autocast(enabled=amp_enabled):
{
  "epoch": 1,
  "loss": 0.29940460927845347,
  "src_top1": 80.71428571428572,
  "tgt_top1": 15.315666406858924,
  "tgt_tail_recall": 15.929912817672449,
  "tgt_macro_f1": 12.05481988500497,
  "tgt_ece": 0.10823706572618413,
  "cross_domain_gap": 65.3986193074268
}
{
  "epoch": 2,
  "loss": 0.021087292841907173,
  "src_top1": 93.07142857142857,
  "tgt_top1": 20.92751363990647,
  "tgt_tail_recall": 17.993652466638576,
  "tgt_macro_f1": 16.25351625058538,
  "tgt_ece": 0.17752354304340326,
  "cross_domain_gap": 72.1439149315221
}
{
  "epoch": 3,
  "loss": 0.009594806435718441,
  "src_top1": 93.71428571428572,
  "tgt_top1": 19.875292283710056,
  "tgt_tail_recall": 17.61334526637762,
  "tgt_macro_f1": 16.029095447605616,
  "tgt_ece": 0.2138417255734431,
  "cross_domain_gap": 73.83899343057567
}
{
  "epoch": 4,
  "loss": 0.01751736409651948,
  "src_top1": 94.42857142857143,
  "tgt_top1": 21.551052221356194,
  "tgt_tail_recall": 24.632407690960957,
  "tgt_macro_f1": 18.411062746926675,
  "tgt_ece": 0.2881727479601501,
  "cross_domain_gap": 72.87751920721524
}
/root/data1/xzc/agri_ai_conda/envs/agri-ctta-py311-cuda-of5-v5-r2/lib/python3.11/site-packages/torch/optim/lr_scheduler.py:243: UserWarning: The epoch parameter in `scheduler.step()` was not necessary and is being deprecated where possible. Please use `scheduler.step()` to step the scheduler. During the deprecation, if epoch is different from None, the closed form is used instead of the new chainable form, where available. Please open an issue if you are unable to replicate your use case: https://github.com/pytorch/pytorch/issues/new/choose.
  warnings.warn(EPOCH_DEPRECATION_WARNING, UserWarning)
{
  "epoch": 5,
  "loss": 0.010554710552608657,
  "src_top1": 95.42857142857143,
  "tgt_top1": 24.35697583787997,
  "tgt_tail_recall": 25.36120998792829,
  "tgt_macro_f1": 20.083429709547847,
  "tgt_ece": 0.1892725264251418,
  "cross_domain_gap": 71.07159559069146
}
{
  "epoch": 6,
  "loss": 0.01434187275588789,
  "src_top1": 95.07142857142857,
  "tgt_top1": 20.381917381137956,
  "tgt_tail_recall": 17.614282571184102,
  "tgt_macro_f1": 17.322234166344757,
  "tgt_ece": 0.2721711532710031,
  "cross_domain_gap": 74.68951119029062
}
{
  "epoch": 7,
  "loss": 0.008423208695286327,
  "src_top1": 96.57142857142857,
  "tgt_top1": 20.576773187840995,
  "tgt_tail_recall": 20.695785160384396,
  "tgt_macro_f1": 17.382604317911078,
  "tgt_ece": 0.36344584793909307,
  "cross_domain_gap": 75.99465538358757
}
{
  "epoch": 8,
  "loss": 0.006228757848557432,
  "src_top1": 91.64285714285715,
  "tgt_top1": 19.251753702260327,
  "tgt_tail_recall": 20.85180600999293,
  "tgt_macro_f1": 15.662227770238557,
  "tgt_ece": 0.3666210240675013,
  "cross_domain_gap": 72.39110344059682
}
{
  "epoch": 9,
  "loss": 0.030577538257759135,
  "src_top1": 95.5,
  "tgt_top1": 17.26422447388932,
  "tgt_tail_recall": 18.97398633827751,
  "tgt_macro_f1": 15.25818053379179,
  "tgt_ece": 0.46810397884967453,
  "cross_domain_gap": 78.23577552611067
}
{
  "epoch": 10,
  "loss": 0.011495776729907571,
  "src_top1": 90.28571428571428,
  "tgt_top1": 17.342166796570538,
  "tgt_tail_recall": 22.414392621861882,
  "tgt_macro_f1": 13.531590703702603,
  "tgt_ece": 0.33482486947453405,
  "cross_domain_gap": 72.94354748914374
}
{
  "epoch": 11,
  "loss": 0.010488711091440877,
  "src_top1": 96.85714285714285,
  "tgt_top1": 21.434138737334372,
  "tgt_tail_recall": 21.77126375235492,
  "tgt_macro_f1": 16.36740241582975,
  "tgt_ece": 0.3539596163549418,
  "cross_domain_gap": 75.42300411980847
}
{
  "epoch": 12,
  "loss": 0.006130970391443752,
  "src_top1": 96.0,
  "tgt_top1": 22.01870615744349,
  "tgt_tail_recall": 22.35839089408993,
  "tgt_macro_f1": 17.53771174311499,
  "tgt_ece": 0.3359137513904904,
  "cross_domain_gap": 73.98129384255651
}
{
  "epoch": 13,
  "loss": 0.016562959280213795,
  "src_top1": 74.78571428571429,
  "tgt_top1": 12.548713951675762,
  "tgt_tail_recall": 16.327752030808224,
  "tgt_macro_f1": 10.020003983453506,
  "tgt_ece": 0.3262413377864163,
  "cross_domain_gap": 62.23700033403853
}
{
  "epoch": 14,
  "loss": 0.014318316103918293,
  "src_top1": 97.5,
  "tgt_top1": 19.99220576773188,
  "tgt_tail_recall": 20.99845154395256,
  "tgt_macro_f1": 16.026037620448918,
  "tgt_ece": 0.36200070073385315,
  "cross_domain_gap": 77.50779423226813
}
{
  "epoch": 15,
  "loss": 0.010862013172438845,
  "src_top1": 87.28571428571429,
  "tgt_top1": 18.667186282151206,
  "tgt_tail_recall": 17.66976477288002,
  "tgt_macro_f1": 13.9248375709598,
  "tgt_ece": 0.3050444942644259,
  "cross_domain_gap": 68.61852800356309
}
{
  "epoch": 16,
  "loss": 0.009509155848406113,
  "src_top1": 95.57142857142857,
  "tgt_top1": 19.75837879968823,
  "tgt_tail_recall": 16.97943578052551,
  "tgt_macro_f1": 15.586057589128414,
  "tgt_ece": 0.3513578405881058,
  "cross_domain_gap": 75.81304977174034
}
{
  "epoch": 17,
  "loss": 0.021614079350083484,
  "src_top1": 93.64285714285714,
  "tgt_top1": 20.966484801247077,
  "tgt_tail_recall": 19.593867969662337,
  "tgt_macro_f1": 16.337575588660624,
  "tgt_ece": 0.342958945667753,
  "cross_domain_gap": 72.67637234161006
}
{
  "epoch": 18,
  "loss": 0.010937924877449325,
  "src_top1": 91.21428571428571,
  "tgt_top1": 14.848012470771629,
  "tgt_tail_recall": 12.147286551143388,
  "tgt_macro_f1": 11.67773194772737,
  "tgt_ece": 0.36950144016373376,
  "cross_domain_gap": 76.36627324351409
}
{
  "epoch": 19,
  "loss": 0.009211218115296396,
  "src_top1": 95.28571428571428,
  "tgt_top1": 17.342166796570538,
  "tgt_tail_recall": 15.375487504209135,
  "tgt_macro_f1": 13.105826113895585,
  "tgt_ece": 0.4001886245743056,
  "cross_domain_gap": 77.94354748914374
}
{
  "epoch": 20,
  "loss": 0.006981807457009072,
  "src_top1": 96.07142857142857,
  "tgt_top1": 18.82307092751364,
  "tgt_tail_recall": 22.82992132714597,
  "tgt_macro_f1": 14.378007887820154,
  "tgt_ece": 0.35961205352588455,
  "cross_domain_gap": 77.24835764391493
}
{
  "epoch": 21,
  "loss": 0.01723668526842469,
  "src_top1": 70.35714285714286,
  "tgt_top1": 15.393608729540139,
  "tgt_tail_recall": 16.469606677339623,
  "tgt_macro_f1": 10.533966811175201,
  "tgt_ece": 0.39136592737186354,
  "cross_domain_gap": 54.96353412760272
}
{
  "epoch": 22,
  "loss": 0.01647964531107874,
  "src_top1": 95.14285714285714,
  "tgt_top1": 17.459080280592364,
  "tgt_tail_recall": 17.167184627185648,
  "tgt_macro_f1": 13.394116487164286,
  "tgt_ece": 0.4525212108746276,
  "cross_domain_gap": 77.68377686226478
}
{
  "epoch": 23,
  "loss": 0.005509728054512528,
  "src_top1": 96.92857142857143,
  "tgt_top1": 18.27747466874513,
  "tgt_tail_recall": 18.105083586362873,
  "tgt_macro_f1": 14.109143868837931,
  "tgt_ece": 0.4735161645231959,
  "cross_domain_gap": 78.6510967598263
}
{
  "epoch": 24,
  "loss": 0.005609207637135411,
  "src_top1": 97.28571428571429,
  "tgt_top1": 17.381137957911147,
  "tgt_tail_recall": 13.856258310229084,
  "tgt_macro_f1": 14.062221881077615,
  "tgt_ece": 0.36702063834165466,
  "cross_domain_gap": 79.90457632780314
}
{
  "epoch": 25,
  "loss": 0.0043119914737919105,
  "src_top1": 95.57142857142857,
  "tgt_top1": 14.964925954793454,
  "tgt_tail_recall": 12.445129936894016,
  "tgt_macro_f1": 11.622880504497681,
  "tgt_ece": 0.4275797589022205,
  "cross_domain_gap": 80.60650261663511
}
{
  "epoch": 26,
  "loss": 0.015543252510340295,
  "src_top1": 91.57142857142857,
  "tgt_top1": 15.783320342946219,
  "tgt_tail_recall": 13.617365351821281,
  "tgt_macro_f1": 12.232396785797818,
  "tgt_ece": 0.45976417486730814,
  "cross_domain_gap": 75.78810822848234
}
{
  "epoch": 27,
  "loss": 0.020375646486517095,
  "src_top1": 93.5,
  "tgt_top1": 17.809820732657833,
  "tgt_tail_recall": 16.604796311654813,
  "tgt_macro_f1": 13.150822756862999,
  "tgt_ece": 0.4305838245611031,
  "cross_domain_gap": 75.69017926734216
}
{
  "epoch": 28,
  "loss": 0.005996656093802887,
  "src_top1": 96.64285714285714,
  "tgt_top1": 17.10833982852689,
  "tgt_tail_recall": 11.348457721375983,
  "tgt_macro_f1": 12.680863042281942,
  "tgt_ece": 0.46145248332366484,
  "cross_domain_gap": 79.53451731433024
}
{
  "epoch": 29,
  "loss": 0.0053536726338343985,
  "src_top1": 97.07142857142857,
  "tgt_top1": 17.731878409976616,
  "tgt_tail_recall": 12.329975906555495,
  "tgt_macro_f1": 13.395647720828013,
  "tgt_ece": 0.44150665175352627,
  "cross_domain_gap": 79.33955016145195
}
{
  "epoch": 30,
  "loss": 0.003739751401823926,
  "src_top1": 97.21428571428572,
  "tgt_top1": 18.706157443491815,
  "tgt_tail_recall": 17.3533100747756,
  "tgt_macro_f1": 14.683702656929102,
  "tgt_ece": 0.4138119745729542,
  "cross_domain_gap": 78.5081282707939
}
{
  "epoch": 31,
  "loss": 0.019260407886703402,
  "src_top1": 89.92857142857143,
  "tgt_top1": 18.433359314107562,
  "tgt_tail_recall": 14.954100732332162,
  "tgt_macro_f1": 14.340409146955574,
  "tgt_ece": 0.34217119541829305,
  "cross_domain_gap": 71.49521211446387
}
{
  "epoch": 32,
  "loss": 0.02420424244252233,
  "src_top1": 94.28571428571428,
  "tgt_top1": 14.26344505066251,
  "tgt_tail_recall": 9.032062399975098,
  "tgt_macro_f1": 11.290395853964988,
  "tgt_ece": 0.5031265442086121,
  "cross_domain_gap": 80.02226923505177
}
{
  "epoch": 33,
  "loss": 0.006007746597235719,
  "src_top1": 96.92857142857143,
  "tgt_top1": 14.770070148090413,
  "tgt_tail_recall": 12.053392245379731,
  "tgt_macro_f1": 11.823156548489345,
  "tgt_ece": 0.48096868776174045,
  "cross_domain_gap": 82.15850128048102
}
{
  "epoch": 34,
  "loss": 0.0059432468588552145,
  "src_top1": 96.71428571428572,
  "tgt_top1": 15.666406858924395,
  "tgt_tail_recall": 8.111462359896434,
  "tgt_macro_f1": 11.681174242948067,
  "tgt_ece": 0.5178794458520105,
  "cross_domain_gap": 81.04787885536133
}
{
  "epoch": 35,
  "loss": 0.005793226836502999,
  "src_top1": 96.0,
  "tgt_top1": 15.627435697583788,
  "tgt_tail_recall": 10.28210066815853,
  "tgt_macro_f1": 11.918463472827455,
  "tgt_ece": 0.4879612735271547,
  "cross_domain_gap": 80.37256430241621
}
{
  "epoch": 36,
  "loss": 0.004325846053540329,
  "src_top1": 85.21428571428571,
  "tgt_top1": 12.081060015588465,
  "tgt_tail_recall": 10.7684205190357,
  "tgt_macro_f1": 9.26297411339807,
  "tgt_ece": 0.5262817552695029,
  "cross_domain_gap": 73.13322569869725
}
{
  "epoch": 37,
  "loss": 0.005980239411502282,
  "src_top1": 96.07142857142857,
  "tgt_top1": 19.1348402182385,
  "tgt_tail_recall": 12.801638886182351,
  "tgt_macro_f1": 13.28227987464546,
  "tgt_ece": 0.35417935334651246,
  "cross_domain_gap": 76.93658835319007
}
{
  "epoch": 38,
  "loss": 0.013093461153745031,
  "src_top1": 93.28571428571428,
  "tgt_top1": 17.342166796570538,
  "tgt_tail_recall": 19.230571067427842,
  "tgt_macro_f1": 12.49378507412008,
  "tgt_ece": 0.38104591466666476,
  "cross_domain_gap": 75.94354748914374
}
{
  "epoch": 39,
  "loss": 0.007611721300090028,
  "src_top1": 97.5,
  "tgt_top1": 17.731878409976616,
  "tgt_tail_recall": 14.650591759609771,
  "tgt_macro_f1": 13.708243341245192,
  "tgt_ece": 0.4548440972954291,
  "cross_domain_gap": 79.76812159002338
}
{
  "epoch": 40,
  "loss": 0.0029215131676965994,
  "src_top1": 96.35714285714285,
  "tgt_top1": 16.71862821512081,
  "tgt_tail_recall": 13.631797532631513,
  "tgt_macro_f1": 14.092154694317477,
  "tgt_ece": 0.49980253628103044,
  "cross_domain_gap": 79.63851464202205
}
{
  "epoch": 41,
  "loss": 0.0033671266085198845,
  "src_top1": 97.35714285714285,
  "tgt_top1": 14.964925954793454,
  "tgt_tail_recall": 12.86405165291179,
  "tgt_macro_f1": 10.892616532487622,
  "tgt_ece": 0.46189238923723025,
  "cross_domain_gap": 82.39221690234939
}
{
  "epoch": 42,
  "loss": 0.010967991912165681,
  "src_top1": 91.64285714285715,
  "tgt_top1": 15.744349181605614,
  "tgt_tail_recall": 15.440005950388331,
  "tgt_macro_f1": 13.411808762235994,
  "tgt_ece": 0.3741968152688893,
  "cross_domain_gap": 75.89850796125154
}
{
  "epoch": 43,
  "loss": 0.02171753530230529,
  "src_top1": 96.57142857142857,
  "tgt_top1": 15.900233826968044,
  "tgt_tail_recall": 14.709035555259442,
  "tgt_macro_f1": 11.547459437077888,
  "tgt_ece": 0.43555164482337083,
  "cross_domain_gap": 80.67119474446052
}
{
  "epoch": 44,
  "loss": 0.00543887697602987,
  "src_top1": 96.78571428571429,
  "tgt_top1": 16.679657053780204,
  "tgt_tail_recall": 13.599712406735307,
  "tgt_macro_f1": 12.651896322237269,
  "tgt_ece": 0.476622814348872,
  "cross_domain_gap": 80.10605723193409
}
{
  "epoch": 45,
  "loss": 0.002918084486191715,
  "src_top1": 97.42857142857143,
  "tgt_top1": 15.900233826968044,
  "tgt_tail_recall": 13.561815204178023,
  "tgt_macro_f1": 11.854107544376435,
  "tgt_ece": 0.5077868021954945,
  "cross_domain_gap": 81.52833760160338
}
{
  "epoch": 46,
  "loss": 0.002683563077186643,
  "src_top1": 97.78571428571429,
  "tgt_top1": 17.26422447388932,
  "tgt_tail_recall": 14.456360470795735,
  "tgt_macro_f1": 12.705288369716056,
  "tgt_ece": 0.4672480613190684,
  "cross_domain_gap": 80.52148981182498
}
{
  "epoch": 47,
  "loss": 0.0038631877955334765,
  "src_top1": 96.42857142857143,
  "tgt_top1": 16.134060795011692,
  "tgt_tail_recall": 14.503565449173397,
  "tgt_macro_f1": 12.145975348500041,
  "tgt_ece": 0.48856037041275463,
  "cross_domain_gap": 80.29451063355974
}
{
  "epoch": 48,
  "loss": 0.003488240698448015,
  "src_top1": 97.78571428571429,
  "tgt_top1": 13.67887763055339,
  "tgt_tail_recall": 10.881928834308788,
  "tgt_macro_f1": 10.008252375586194,
  "tgt_ece": 0.5391834676120537,
  "cross_domain_gap": 84.1068366551609
}
{
  "epoch": 49,
  "loss": 0.004867423642429901,
  "src_top1": 96.57142857142857,
  "tgt_top1": 13.91270459859704,
  "tgt_tail_recall": 9.371648485245327,
  "tgt_macro_f1": 10.239706436355338,
  "tgt_ece": 0.4778203832004466,
  "cross_domain_gap": 82.65872397283152
}
{
  "epoch": 50,
  "loss": 0.008505858422544237,
  "src_top1": 95.28571428571428,
  "tgt_top1": 14.925954793452846,
  "tgt_tail_recall": 16.368857238688207,
  "tgt_macro_f1": 12.205904241271362,
  "tgt_ece": 0.4866910240179565,
  "cross_domain_gap": 80.35975949226143
}
{
  "epoch": 51,
  "loss": 0.0042752126328815575,
  "src_top1": 97.78571428571429,
  "tgt_top1": 16.757599376461418,
  "tgt_tail_recall": 13.674402034265087,
  "tgt_macro_f1": 12.343115756707162,
  "tgt_ece": 0.41901465922605685,
  "cross_domain_gap": 81.02811490925288
}
{
  "epoch": 52,
  "loss": 0.002848412583708035,
  "src_top1": 98.0,
  "tgt_top1": 16.601714731098987,
  "tgt_tail_recall": 9.379171890872337,
  "tgt_macro_f1": 12.018065746992916,
  "tgt_ece": 0.48119115229007886,
  "cross_domain_gap": 81.39828526890102
}
{
  "epoch": 53,
  "loss": 0.0025744321589530714,
  "src_top1": 96.85714285714285,
  "tgt_top1": 14.80904130943102,
  "tgt_tail_recall": 8.801883839786964,
  "tgt_macro_f1": 11.427842531418062,
  "tgt_ece": 0.44241023187932793,
  "cross_domain_gap": 82.04810154771182
}
{
  "epoch": 54,
  "loss": 0.003435222640660863,
  "src_top1": 95.78571428571429,
  "tgt_top1": 16.835541699142635,
  "tgt_tail_recall": 14.341015019917021,
  "tgt_macro_f1": 13.557491751203955,
  "tgt_ece": 0.39840988088355617,
  "cross_domain_gap": 78.95017258657165
}
{
  "epoch": 55,
  "loss": 0.0026407856379646495,
  "src_top1": 97.0,
  "tgt_top1": 17.848791893998442,
  "tgt_tail_recall": 15.242974017167032,
  "tgt_macro_f1": 14.316098221736201,
  "tgt_ece": 0.3999394603300076,
  "cross_domain_gap": 79.15120810600156
}
{
  "epoch": 56,
  "loss": 0.0024441306409021097,
  "src_top1": 97.35714285714285,
  "tgt_top1": 16.1730319563523,
  "tgt_tail_recall": 8.788954404999263,
  "tgt_macro_f1": 11.672755056261034,
  "tgt_ece": 0.5291835006997163,
  "cross_domain_gap": 81.18411090079054
}
{
  "epoch": 57,
  "loss": 0.015246997921799286,
  "src_top1": 95.71428571428572,
  "tgt_top1": 14.497272018706159,
  "tgt_tail_recall": 13.02275773212257,
  "tgt_macro_f1": 11.326851658700189,
  "tgt_ece": 0.5583034355893138,
  "cross_domain_gap": 81.21701369557957
}
{
  "epoch": 58,
  "loss": 0.004298381058805164,
  "src_top1": 97.78571428571429,
  "tgt_top1": 17.887763055339047,
  "tgt_tail_recall": 16.137667127041865,
  "tgt_macro_f1": 13.875425508700797,
  "tgt_ece": 0.47793623895347354,
  "cross_domain_gap": 79.89795123037524
}
{
  "epoch": 59,
  "loss": 0.0022036559218183136,
  "src_top1": 98.0,
  "tgt_top1": 18.472330475448167,
  "tgt_tail_recall": 14.385664459434974,
  "tgt_macro_f1": 14.808415603237851,
  "tgt_ece": 0.4492692195680442,
  "cross_domain_gap": 79.52766952455184
}
{
  "epoch": 60,
  "loss": 0.001399986432001148,
  "src_top1": 98.28571428571429,
  "tgt_top1": 16.32891660171473,
  "tgt_tail_recall": 12.220695257160896,
  "tgt_macro_f1": 12.80501080048492,
  "tgt_ece": 0.500160080764736,
  "cross_domain_gap": 81.95679768399955
}
{
  "epoch": 61,
  "loss": 0.0013414962192509153,
  "src_top1": 97.92857142857143,
  "tgt_top1": 18.19953234606391,
  "tgt_tail_recall": 14.125856141645569,
  "tgt_macro_f1": 14.041410935133584,
  "tgt_ece": 0.4637535011522118,
  "cross_domain_gap": 79.72903908250751
}
{
  "epoch": 62,
  "loss": 0.00171358677746616,
  "src_top1": 97.57142857142857,
  "tgt_top1": 16.056118472330475,
  "tgt_tail_recall": 12.05038025404929,
  "tgt_macro_f1": 13.139047681519283,
  "tgt_ece": 0.5040944280714053,
  "cross_domain_gap": 81.51531009909809
}
{
  "epoch": 63,
  "loss": 0.002536016112249651,
  "src_top1": 96.92857142857143,
  "tgt_top1": 17.77084957131723,
  "tgt_tail_recall": 12.0930198639811,
  "tgt_macro_f1": 13.630511822533789,
  "tgt_ece": 0.4418878193105559,
  "cross_domain_gap": 79.1577218572542
}
{
  "epoch": 64,
  "loss": 0.003909570446996208,
  "src_top1": 98.07142857142857,
  "tgt_top1": 16.32891660171473,
  "tgt_tail_recall": 13.451802791448433,
  "tgt_macro_f1": 12.453289759476112,
  "tgt_ece": 0.4418494907191091,
  "cross_domain_gap": 81.74251196971383
}
{
  "epoch": 65,
  "loss": 0.0015407765527300718,
  "src_top1": 97.71428571428571,
  "tgt_top1": 17.809820732657833,
  "tgt_tail_recall": 16.29261084385011,
  "tgt_macro_f1": 13.646007852868353,
  "tgt_ece": 0.4124962130789402,
  "cross_domain_gap": 79.90446498162788
}
{
  "epoch": 66,
  "loss": 0.001312233821084239,
  "src_top1": 95.07142857142857,
  "tgt_top1": 18.6282151208106,
  "tgt_tail_recall": 14.064782237234793,
  "tgt_macro_f1": 14.254832779212206,
  "tgt_ece": 0.3987819971349773,
  "cross_domain_gap": 76.44321345061798
}
{
  "epoch": 67,
  "loss": 0.003634083181411397,
  "src_top1": 97.64285714285714,
  "tgt_top1": 17.92673421667966,
  "tgt_tail_recall": 15.505381574963897,
  "tgt_macro_f1": 13.93283029859832,
  "tgt_ece": 0.46007853417729183,
  "cross_domain_gap": 79.71612292617748
}
{
  "epoch": 68,
  "loss": 0.001970223235846848,
  "src_top1": 98.07142857142857,
  "tgt_top1": 14.41932969602494,
  "tgt_tail_recall": 11.750361356740566,
  "tgt_macro_f1": 10.927525964518958,
  "tgt_ece": 0.44742539920499336,
  "cross_domain_gap": 83.65209887540362
}
{
  "epoch": 69,
  "loss": 0.0018914196667483387,
  "src_top1": 97.71428571428571,
  "tgt_top1": 16.601714731098987,
  "tgt_tail_recall": 12.954391469452602,
  "tgt_macro_f1": 12.863961322086112,
  "tgt_ece": 0.44738958793418626,
  "cross_domain_gap": 81.11257098318671
}
{
  "epoch": 70,
  "loss": 0.0022887686338549738,
  "src_top1": 98.28571428571429,
  "tgt_top1": 14.925954793452846,
  "tgt_tail_recall": 11.343759036458586,
  "tgt_macro_f1": 11.441469992681364,
  "tgt_ece": 0.4533899687520945,
  "cross_domain_gap": 83.35975949226145
}
{
  "epoch": 71,
  "loss": 0.0010831948535214954,
  "src_top1": 98.07142857142857,
  "tgt_top1": 15.97817614964926,
  "tgt_tail_recall": 13.532969879383842,
  "tgt_macro_f1": 12.778321322569356,
  "tgt_ece": 0.46932158740534974,
  "cross_domain_gap": 82.09325242177931
}
{
  "epoch": 72,
  "loss": 0.001731404112349407,
  "src_top1": 97.0,
  "tgt_top1": 16.56274356975838,
  "tgt_tail_recall": 13.008281155364514,
  "tgt_macro_f1": 12.704553380393177,
  "tgt_ece": 0.4733502053171512,
  "cross_domain_gap": 80.43725643024162
}
{
  "epoch": 73,
  "loss": 0.0013452517627506656,
  "src_top1": 97.92857142857143,
  "tgt_top1": 17.614964925954794,
  "tgt_tail_recall": 11.64892022617127,
  "tgt_macro_f1": 13.560443001881778,
  "tgt_ece": 0.4210616278629794,
  "cross_domain_gap": 80.31360650261664
}
{
  "epoch": 74,
  "loss": 0.000998685588339808,
  "src_top1": 98.07142857142857,
  "tgt_top1": 15.783320342946219,
  "tgt_tail_recall": 8.04280956126997,
  "tgt_macro_f1": 12.060891632690025,
  "tgt_ece": 0.49380674324668383,
  "cross_domain_gap": 82.28810822848234
}
{
  "epoch": 75,
  "loss": 0.0013723519799108102,
  "src_top1": 97.71428571428571,
  "tgt_top1": 16.796570537802026,
  "tgt_tail_recall": 10.782816077661481,
  "tgt_macro_f1": 13.34463513154676,
  "tgt_ece": 0.46096047555224934,
  "cross_domain_gap": 80.91771517648368
}
{
  "epoch": 76,
  "loss": 0.0009031874414714621,
  "src_top1": 98.14285714285714,
  "tgt_top1": 15.00389711613406,
  "tgt_tail_recall": 11.0502547423085,
  "tgt_macro_f1": 11.520906525303642,
  "tgt_ece": 0.4607586611820122,
  "cross_domain_gap": 83.13896002672308
}
{
  "epoch": 77,
  "loss": 0.0007449105166393089,
  "src_top1": 97.64285714285714,
  "tgt_top1": 17.537022603273577,
  "tgt_tail_recall": 8.820589068702557,
  "tgt_macro_f1": 13.510098265468482,
  "tgt_ece": 0.4366033030085887,
  "cross_domain_gap": 80.10583453958355
}
{
  "epoch": 78,
  "loss": 0.0006614724566196055,
  "src_top1": 98.21428571428571,
  "tgt_top1": 16.21200311769291,
  "tgt_tail_recall": 10.455825837055407,
  "tgt_macro_f1": 12.6187616096817,
  "tgt_ece": 0.4640311091522732,
  "cross_domain_gap": 82.0022825965928
}
{
  "epoch": 79,
  "loss": 0.0008656256303461168,
  "src_top1": 98.42857142857143,
  "tgt_top1": 16.99142634450507,
  "tgt_tail_recall": 10.012523384769365,
  "tgt_macro_f1": 13.707105487580154,
  "tgt_ece": 0.43396161118593435,
  "cross_domain_gap": 81.43714508406636
}
{
  "epoch": 80,
  "loss": 0.0008914345221963761,
  "src_top1": 98.07142857142857,
  "tgt_top1": 18.939984411535463,
  "tgt_tail_recall": 11.025022336455685,
  "tgt_macro_f1": 14.509380612428508,
  "tgt_ece": 0.3931428672875033,
  "cross_domain_gap": 79.1314441598931
}
{
  "epoch": 81,
  "loss": 0.0008620322600572342,
  "src_top1": 98.14285714285714,
  "tgt_top1": 16.679657053780204,
  "tgt_tail_recall": 12.175740665517065,
  "tgt_macro_f1": 13.369241265540174,
  "tgt_ece": 0.45528915239061035,
  "cross_domain_gap": 81.46320008907693
}
{
  "epoch": 82,
  "loss": 0.0005331619128329648,
  "src_top1": 97.78571428571429,
  "tgt_top1": 18.04364770070148,
  "tgt_tail_recall": 11.344338373046385,
  "tgt_macro_f1": 14.514875847689337,
  "tgt_ece": 0.4577471249891461,
  "cross_domain_gap": 79.74206658501281
}
{
  "epoch": 83,
  "loss": 0.0006317115696160367,
  "src_top1": 98.07142857142857,
  "tgt_top1": 18.004676539360872,
  "tgt_tail_recall": 10.04785234189211,
  "tgt_macro_f1": 13.80850060308188,
  "tgt_ece": 0.45544774794336973,
  "cross_domain_gap": 80.0667520320677
}
{
  "epoch": 84,
  "loss": 0.0008004151521049297,
  "src_top1": 97.78571428571429,
  "tgt_top1": 16.289945440374122,
  "tgt_tail_recall": 9.472994203997713,
  "tgt_macro_f1": 12.6508081518946,
  "tgt_ece": 0.47012874367338364,
  "cross_domain_gap": 81.49576884534017
}
{
  "epoch": 85,
  "loss": 0.000459545724118914,
  "src_top1": 98.14285714285714,
  "tgt_top1": 17.809820732657833,
  "tgt_tail_recall": 9.838796218513737,
  "tgt_macro_f1": 13.484018759637687,
  "tgt_ece": 0.45283906506149446,
  "cross_domain_gap": 80.3330364101993
}
{
  "epoch": 86,
  "loss": 0.0004793136156626857,
  "src_top1": 98.14285714285714,
  "tgt_top1": 18.316445830085737,
  "tgt_tail_recall": 10.49881896492065,
  "tgt_macro_f1": 14.062564780048485,
  "tgt_ece": 0.41611225526440176,
  "cross_domain_gap": 79.8264113127714
}
{
  "epoch": 87,
  "loss": 0.0005042455277993962,
  "src_top1": 97.42857142857143,
  "tgt_top1": 18.939984411535463,
  "tgt_tail_recall": 10.940699340755417,
  "tgt_macro_f1": 14.914220103783233,
  "tgt_ece": 0.40625034242473534,
  "cross_domain_gap": 78.48858701703597
}
{
  "epoch": 88,
  "loss": 0.0003773310284620619,
  "src_top1": 98.14285714285714,
  "tgt_top1": 17.575993764614186,
  "tgt_tail_recall": 11.662905742689263,
  "tgt_macro_f1": 13.80334144388608,
  "tgt_ece": 0.4503642268775035,
  "cross_domain_gap": 80.56686337824296
}
{
  "epoch": 89,
  "loss": 0.00042763244622451307,
  "src_top1": 98.21428571428571,
  "tgt_top1": 18.316445830085737,
  "tgt_tail_recall": 10.772680883191033,
  "tgt_macro_f1": 14.368902106370093,
  "tgt_ece": 0.43641677423905134,
  "cross_domain_gap": 79.89783988419997
}
{
  "epoch": 90,
  "loss": 0.00041495637373501897,
  "src_top1": 98.28571428571429,
  "tgt_top1": 18.355416991426342,
  "tgt_tail_recall": 11.318911742025021,
  "tgt_macro_f1": 14.484435271835746,
  "tgt_ece": 0.41584347911463615,
  "cross_domain_gap": 79.93029729428795
}
{
  "epoch": 91,
  "loss": 0.0003374072384535583,
  "src_top1": 97.85714285714285,
  "tgt_top1": 18.862042088854245,
  "tgt_tail_recall": 11.297128526411774,
  "tgt_macro_f1": 14.932751443040521,
  "tgt_ece": 0.4185156281616478,
  "cross_domain_gap": 78.99510076828861
}
{
  "epoch": 92,
  "loss": 0.00039967015380552417,
  "src_top1": 97.92857142857143,
  "tgt_top1": 18.27747466874513,
  "tgt_tail_recall": 11.521058199787442,
  "tgt_macro_f1": 14.368061401392815,
  "tgt_ece": 0.43276519140784664,
  "cross_domain_gap": 79.6510967598263
}
{
  "epoch": 93,
  "loss": 0.0004801529123950134,
  "src_top1": 97.92857142857143,
  "tgt_top1": 17.537022603273577,
  "tgt_tail_recall": 11.14615810070443,
  "tgt_macro_f1": 13.80051446230381,
  "tgt_ece": 0.44993138024677826,
  "cross_domain_gap": 80.39154882529786
}
{
  "epoch": 94,
  "loss": 0.00038810352012048476,
  "src_top1": 98.21428571428571,
  "tgt_top1": 18.19953234606391,
  "tgt_tail_recall": 11.501412944037813,
  "tgt_macro_f1": 14.349750846045067,
  "tgt_ece": 0.4467400977401091,
  "cross_domain_gap": 80.01475336822179
}
{
  "epoch": 95,
  "loss": 0.0005299800081151663,
  "src_top1": 98.07142857142857,
  "tgt_top1": 18.19953234606391,
  "tgt_tail_recall": 11.046098240524627,
  "tgt_macro_f1": 14.082120362278406,
  "tgt_ece": 0.42190146644252036,
  "cross_domain_gap": 79.87189622536465
}
{
  "epoch": 96,
  "loss": 0.0003162824092606131,
  "src_top1": 98.07142857142857,
  "tgt_top1": 18.511301636788776,
  "tgt_tail_recall": 11.17984496254594,
  "tgt_macro_f1": 14.499206453017102,
  "tgt_ece": 0.4219275222088059,
  "cross_domain_gap": 79.5601269346398
}
{
  "epoch": 97,
  "loss": 0.0003143946655747804,
  "src_top1": 98.0,
  "tgt_top1": 18.19953234606391,
  "tgt_tail_recall": 10.476569262364045,
  "tgt_macro_f1": 14.228617186444861,
  "tgt_ece": 0.4292352655880728,
  "cross_domain_gap": 79.8004676539361
}
{
  "epoch": 98,
  "loss": 0.0003513115963215254,
  "src_top1": 98.0,
  "tgt_top1": 18.472330475448167,
  "tgt_tail_recall": 11.027657391095099,
  "tgt_macro_f1": 14.404816353280161,
  "tgt_ece": 0.43121352010143055,
  "cross_domain_gap": 79.52766952455184
}
{
  "epoch": 99,
  "loss": 0.00029622315662467425,
  "src_top1": 98.07142857142857,
  "tgt_top1": 18.6282151208106,
  "tgt_tail_recall": 11.28328228094077,
  "tgt_macro_f1": 14.509584597478451,
  "tgt_ece": 0.4226363056157124,
  "cross_domain_gap": 79.44321345061798
}
{
  "epoch": 100,
  "loss": 0.00029828053120383645,
  "src_top1": 98.21428571428571,
  "tgt_top1": 18.004676539360872,
  "tgt_tail_recall": 11.785595947803566,
  "tgt_macro_f1": 14.462070174049213,
  "tgt_ece": 0.4251337183591498,
  "cross_domain_gap": 80.20960917492484
}
[CD-APDM] training complete -> /root/data1/xzc/agri-cnz/runs/exp2-ours/ours-s5/cd_apdm_final.pt
[CD-APDM] iters: ccgan=1000 ssplam=300 mt=300

=== Target-domain results ===
{
  "top1": 18.745128604832423,
  "tail_recall": 25.41818694986851,
  "macro_f1": 16.244187882831397,
  "ece": 0.256709641494606,
  "ablation": "full"
}
saved -> /root/data1/xzc/agri-cnz/runs/exp2-ours/ours-s5/bestval/eval_full.json
[CD-APDM] iters: ccgan=1000 ssplam=300 mt=300

=== Target-domain results ===
{
  "top1": 18.511301636788776,
  "tail_recall": 28.254350274128043,
  "macro_f1": 15.831677453233223,
  "ece": 0.2224479290836041,
  "ablation": "full"
}
saved -> /root/data1/xzc/agri-cnz/runs/exp2-ours/ours-s5/final/eval_full.json
