===== 2026-09-23T12:36:15+08:00 attempt 
[CD-APDM] device = cuda
[CD-APDM] source train=23488  val=1400  target=2566  temporal=False
[CD-APDM] buckets: many=18 tail=10 -> tail_classes=[18, 19, 20, 21, 22, 23, 24, 25, 26, 27]
[CD-APDM] Fitting domain classifier (MDIWM)…
[CD-APDM] Pre-computing MDIWM instance weights…
[CD-APDM] lr: head=0.001, backbone=0.0001
/root/data1/xzc/agri-cnz/repo/code/src/train.py:324: FutureWarning: `torch.cuda.amp.GradScaler(args...)` is deprecated. Please use `torch.amp.GradScaler('cuda', args...)` instead.
  scaler = torch.cuda.amp.GradScaler(enabled=amp_enabled)
/root/data1/xzc/agri-cnz/repo/code/src/train.py:387: FutureWarning: `torch.cuda.amp.autocast(args...)` is deprecated. Please use `torch.amp.autocast('cuda', args...)` instead.
  with torch.cuda.amp.autocast(enabled=amp_enabled):
{
  "epoch": 1,
  "loss": 0.30029969414244395,
  "src_top1": 79.35714285714286,
  "tgt_top1": 15.1987529228371,
  "tgt_tail_recall": 19.28416201554532,
  "tgt_macro_f1": 12.331107072607896,
  "tgt_ece": 0.10561130987661758,
  "cross_domain_gap": 64.15838993430576
}
{
  "epoch": 2,
  "loss": 0.02233631856173622,
  "src_top1": 93.71428571428572,
  "tgt_top1": 19.095869056897897,
  "tgt_tail_recall": 17.953032397187986,
  "tgt_macro_f1": 14.756640988264108,
  "tgt_ece": 0.21320717634861114,
  "cross_domain_gap": 74.61841665738783
}
{
  "epoch": 3,
  "loss": 0.007981752350606653,
  "src_top1": 95.07142857142857,
  "tgt_top1": 26.110678098207323,
  "tgt_tail_recall": 23.856426544438442,
  "tgt_macro_f1": 20.564336577179972,
  "tgt_ece": 0.1231218021383345,
  "cross_domain_gap": 68.96075047322125
}
{
  "epoch": 4,
  "loss": 0.015368664139825901,
  "src_top1": 94.0,
  "tgt_top1": 21.940763834762276,
  "tgt_tail_recall": 24.448740680783636,
  "tgt_macro_f1": 17.20374960218841,
  "tgt_ece": 0.2333943959171662,
  "cross_domain_gap": 72.05923616523772
}
/root/data1/xzc/agri_ai_conda/envs/agri-ctta-py311-cuda-of5-v5-r2/lib/python3.11/site-packages/torch/optim/lr_scheduler.py:243: UserWarning: The epoch parameter in `scheduler.step()` was not necessary and is being deprecated where possible. Please use `scheduler.step()` to step the scheduler. During the deprecation, if epoch is different from None, the closed form is used instead of the new chainable form, where available. Please open an issue if you are unable to replicate your use case: https://github.com/pytorch/pytorch/issues/new/choose.
  warnings.warn(EPOCH_DEPRECATION_WARNING, UserWarning)
{
  "epoch": 5,
  "loss": 0.0060030082331898015,
  "src_top1": 96.5,
  "tgt_top1": 24.395946999220577,
  "tgt_tail_recall": 21.19793428203259,
  "tgt_macro_f1": 20.133048248542142,
  "tgt_ece": 0.22209318079176305,
  "cross_domain_gap": 72.10405300077943
}
{
  "epoch": 6,
  "loss": 0.017509563964327204,
  "src_top1": 94.71428571428572,
  "tgt_top1": 24.90257209664848,
  "tgt_tail_recall": 24.986615565955812,
  "tgt_macro_f1": 19.755721989792168,
  "tgt_ece": 0.26364408202893275,
  "cross_domain_gap": 69.81171361763724
}
{
  "epoch": 7,
  "loss": 0.00800916260281111,
  "src_top1": 95.71428571428572,
  "tgt_top1": 22.486360093530788,
  "tgt_tail_recall": 26.40114460705985,
  "tgt_macro_f1": 18.459927058470495,
  "tgt_ece": 0.3100750502068274,
  "cross_domain_gap": 73.22792562075493
}
{
  "epoch": 8,
  "loss": 0.02093550956616754,
  "src_top1": 96.14285714285714,
  "tgt_top1": 22.174590802805923,
  "tgt_tail_recall": 21.229769670955037,
  "tgt_macro_f1": 16.846708759104004,
  "tgt_ece": 0.3188475589133619,
  "cross_domain_gap": 73.96826634005122
}
{
  "epoch": 9,
  "loss": 0.02219053428993295,
  "src_top1": 86.92857142857143,
  "tgt_top1": 13.795791114575215,
  "tgt_tail_recall": 21.946323301420005,
  "tgt_macro_f1": 10.368150640125684,
  "tgt_ece": 0.29058342195019443,
  "cross_domain_gap": 73.13278031399622
}
{
  "epoch": 10,
  "loss": 0.009340451595002556,
  "src_top1": 96.35714285714285,
  "tgt_top1": 19.875292283710056,
  "tgt_tail_recall": 20.58310077099621,
  "tgt_macro_f1": 15.856433697988786,
  "tgt_ece": 0.31949236871716763,
  "cross_domain_gap": 76.4818505734328
}
{
  "epoch": 11,
  "loss": 0.004138434222044185,
  "src_top1": 96.28571428571429,
  "tgt_top1": 22.681215900233827,
  "tgt_tail_recall": 21.960496912717907,
  "tgt_macro_f1": 17.49223734051821,
  "tgt_ece": 0.2067231324153632,
  "cross_domain_gap": 73.60449838548047
}
{
  "epoch": 12,
  "loss": 0.014036888497211807,
  "src_top1": 92.14285714285714,
  "tgt_top1": 18.784099766173032,
  "tgt_tail_recall": 22.257658741922125,
  "tgt_macro_f1": 15.520889786424435,
  "tgt_ece": 0.47102661644539057,
  "cross_domain_gap": 73.35875737668411
}
{
  "epoch": 13,
  "loss": 0.02136729030434692,
  "src_top1": 95.85714285714285,
  "tgt_top1": 16.250974279033514,
  "tgt_tail_recall": 14.651779699644226,
  "tgt_macro_f1": 13.455415822918711,
  "tgt_ece": 0.4552164748311043,
  "cross_domain_gap": 79.60616857810933
}
{
  "epoch": 14,
  "loss": 0.006393025933543781,
  "src_top1": 97.0,
  "tgt_top1": 17.692907248636008,
  "tgt_tail_recall": 15.363232260013355,
  "tgt_macro_f1": 13.629750729995612,
  "tgt_ece": 0.46252429513776105,
  "cross_domain_gap": 79.307092751364
}
{
  "epoch": 15,
  "loss": 0.013694200620329743,
  "src_top1": 56.785714285714285,
  "tgt_top1": 10.950896336710834,
  "tgt_tail_recall": 10.952069232734877,
  "tgt_macro_f1": 6.785835337399701,
  "tgt_ece": 0.6236937394306145,
  "cross_domain_gap": 45.83481794900345
}
{
  "epoch": 16,
  "loss": 0.014827480725206534,
  "src_top1": 97.07142857142857,
  "tgt_top1": 19.1348402182385,
  "tgt_tail_recall": 18.010158023150446,
  "tgt_macro_f1": 14.357964407687012,
  "tgt_ece": 0.31426966909264,
  "cross_domain_gap": 77.93658835319007
}
{
  "epoch": 17,
  "loss": 0.006006956828951776,
  "src_top1": 85.07142857142857,
  "tgt_top1": 18.6282151208106,
  "tgt_tail_recall": 15.852542840689734,
  "tgt_macro_f1": 14.11165124222428,
  "tgt_ece": 0.31238474528902643,
  "cross_domain_gap": 66.44321345061798
}
{
  "epoch": 18,
  "loss": 0.021149408784444376,
  "src_top1": 92.92857142857143,
  "tgt_top1": 13.13328137178488,
  "tgt_tail_recall": 14.484355336668797,
  "tgt_macro_f1": 9.422964430911044,
  "tgt_ece": 0.5103968226714517,
  "cross_domain_gap": 79.79529005678656
}
{
  "epoch": 19,
  "loss": 0.016817515327694144,
  "src_top1": 96.92857142857143,
  "tgt_top1": 20.226032735775526,
  "tgt_tail_recall": 18.62441256433758,
  "tgt_macro_f1": 15.882925331357825,
  "tgt_ece": 0.4118889018614499,
  "cross_domain_gap": 76.70253869279591
}
{
  "epoch": 20,
  "loss": 0.0036881291690735816,
  "src_top1": 97.21428571428572,
  "tgt_top1": 19.17381137957911,
  "tgt_tail_recall": 21.286220677557388,
  "tgt_macro_f1": 15.48364204616699,
  "tgt_ece": 0.36000497236743345,
  "cross_domain_gap": 78.04047433470662
}
{
  "epoch": 21,
  "loss": 0.0089511813859015,
  "src_top1": 94.85714285714286,
  "tgt_top1": 17.77084957131723,
  "tgt_tail_recall": 14.896508845175632,
  "tgt_macro_f1": 12.928355135669381,
  "tgt_ece": 0.44093650464470835,
  "cross_domain_gap": 77.08629328582563
}
{
  "epoch": 22,
  "loss": 0.005839952799346937,
  "src_top1": 94.0,
  "tgt_top1": 19.56352299298519,
  "tgt_tail_recall": 15.182870693954515,
  "tgt_macro_f1": 14.909712222272614,
  "tgt_ece": 0.3655861447349667,
  "cross_domain_gap": 74.43647700701482
}
{
  "epoch": 23,
  "loss": 0.014622393907547807,
  "src_top1": 89.35714285714286,
  "tgt_top1": 17.92673421667966,
  "tgt_tail_recall": 21.166312271136402,
  "tgt_macro_f1": 14.542367304216835,
  "tgt_ece": 0.32837157526335864,
  "cross_domain_gap": 71.4304086404632
}
{
  "epoch": 24,
  "loss": 0.020611690234647283,
  "src_top1": 92.92857142857143,
  "tgt_top1": 17.030397505845674,
  "tgt_tail_recall": 19.477077746418825,
  "tgt_macro_f1": 12.866678875268583,
  "tgt_ece": 0.4284068422532834,
  "cross_domain_gap": 75.89817392272576
}
{
  "epoch": 25,
  "loss": 0.006192360183404137,
  "src_top1": 96.07142857142857,
  "tgt_top1": 17.653936087295403,
  "tgt_tail_recall": 13.304463707880476,
  "tgt_macro_f1": 13.373256821541304,
  "tgt_ece": 0.49264194902877556,
  "cross_domain_gap": 78.41749248413316
}
{
  "epoch": 26,
  "loss": 0.017167406282194177,
  "src_top1": 95.71428571428572,
  "tgt_top1": 19.91426344505066,
  "tgt_tail_recall": 18.94474893896566,
  "tgt_macro_f1": 14.75960008474221,
  "tgt_ece": 0.334033656345618,
  "cross_domain_gap": 75.80002226923506
}
{
  "epoch": 27,
  "loss": 0.006010577953864224,
  "src_top1": 97.07142857142857,
  "tgt_top1": 17.731878409976616,
  "tgt_tail_recall": 14.805064552044358,
  "tgt_macro_f1": 14.556404196376544,
  "tgt_ece": 0.4181214157355454,
  "cross_domain_gap": 79.33955016145195
}
{
  "epoch": 28,
  "loss": 0.005068319293366471,
  "src_top1": 96.5,
  "tgt_top1": 19.641465315666405,
  "tgt_tail_recall": 17.623462998330357,
  "tgt_macro_f1": 16.639147835888867,
  "tgt_ece": 0.4347428610273989,
  "cross_domain_gap": 76.85853468433359
}
{
  "epoch": 29,
  "loss": 0.018795390735819366,
  "src_top1": 90.71428571428571,
  "tgt_top1": 16.134060795011692,
  "tgt_tail_recall": 17.989080649066775,
  "tgt_macro_f1": 13.659543054106301,
  "tgt_ece": 0.44770832499452895,
  "cross_domain_gap": 74.58022491927402
}
{
  "epoch": 30,
  "loss": 0.012492094439602195,
  "src_top1": 96.85714285714285,
  "tgt_top1": 17.537022603273577,
  "tgt_tail_recall": 17.36073954682564,
  "tgt_macro_f1": 14.967644013732768,
  "tgt_ece": 0.45406685660964147,
  "cross_domain_gap": 79.32012025386928
}
{
  "epoch": 31,
  "loss": 0.00493841624822073,
  "src_top1": 96.92857142857143,
  "tgt_top1": 19.75837879968823,
  "tgt_tail_recall": 16.46387099442391,
  "tgt_macro_f1": 15.690860952341106,
  "tgt_ece": 0.43498779017411443,
  "cross_domain_gap": 77.1701926288832
}
{
  "epoch": 32,
  "loss": 0.005766690425648213,
  "src_top1": 96.78571428571429,
  "tgt_top1": 19.99220576773188,
  "tgt_tail_recall": 16.246677859989685,
  "tgt_macro_f1": 16.01397912654646,
  "tgt_ece": 0.37837002724873675,
  "cross_domain_gap": 76.79350851798242
}
{
  "epoch": 33,
  "loss": 0.015032158996903513,
  "src_top1": 93.42857142857143,
  "tgt_top1": 17.614964925954794,
  "tgt_tail_recall": 16.314290276391887,
  "tgt_macro_f1": 14.505947749317164,
  "tgt_ece": 0.40985716357885255,
  "cross_domain_gap": 75.81360650261664
}
{
  "epoch": 34,
  "loss": 0.008253027142878185,
  "src_top1": 96.21428571428572,
  "tgt_top1": 16.056118472330475,
  "tgt_tail_recall": 18.096156844014295,
  "tgt_macro_f1": 12.788227473234365,
  "tgt_ece": 0.4287681870702552,
  "cross_domain_gap": 80.15816724195525
}
{
  "epoch": 35,
  "loss": 0.006502759233294343,
  "src_top1": 95.57142857142857,
  "tgt_top1": 18.472330475448167,
  "tgt_tail_recall": 15.068823324884692,
  "tgt_macro_f1": 14.258465352759849,
  "tgt_ece": 0.38129942777652986,
  "cross_domain_gap": 77.0990980959804
}
{
  "epoch": 36,
  "loss": 0.015757972741647364,
  "src_top1": 96.57142857142857,
  "tgt_top1": 16.01714731098987,
  "tgt_tail_recall": 14.66216962687999,
  "tgt_macro_f1": 12.522504222175387,
  "tgt_ece": 0.43601680213087535,
  "cross_domain_gap": 80.5542812604387
}
{
  "epoch": 37,
  "loss": 0.011322452201398867,
  "src_top1": 96.78571428571429,
  "tgt_top1": 16.56274356975838,
  "tgt_tail_recall": 16.95180268519932,
  "tgt_macro_f1": 13.052334553274903,
  "tgt_ece": 0.4126792001833418,
  "cross_domain_gap": 80.22297071595591
}
{
  "epoch": 38,
  "loss": 0.005542028250599538,
  "src_top1": 96.35714285714285,
  "tgt_top1": 16.01714731098987,
  "tgt_tail_recall": 16.393275377606148,
  "tgt_macro_f1": 12.602285188373852,
  "tgt_ece": 0.4616932010601854,
  "cross_domain_gap": 80.33999554615298
}
{
  "epoch": 39,
  "loss": 0.003979385659407586,
  "src_top1": 97.85714285714285,
  "tgt_top1": 15.081839438815276,
  "tgt_tail_recall": 12.101911372545267,
  "tgt_macro_f1": 12.422367980943086,
  "tgt_ece": 0.47624406655807566,
  "cross_domain_gap": 82.77530341832757
}
{
  "epoch": 40,
  "loss": 0.0041028326732347265,
  "src_top1": 97.85714285714285,
  "tgt_top1": 18.121590023382698,
  "tgt_tail_recall": 15.749425656394608,
  "tgt_macro_f1": 14.53546260582936,
  "tgt_ece": 0.4258144756928609,
  "cross_domain_gap": 79.73555283376015
}
{
  "epoch": 41,
  "loss": 0.0048023163424768325,
  "src_top1": 95.28571428571428,
  "tgt_top1": 18.667186282151206,
  "tgt_tail_recall": 19.572131405109367,
  "tgt_macro_f1": 15.028376946437,
  "tgt_ece": 0.32770247655809626,
  "cross_domain_gap": 76.61852800356307
}
{
  "epoch": 42,
  "loss": 0.005924136819939981,
  "src_top1": 96.64285714285714,
  "tgt_top1": 17.92673421667966,
  "tgt_tail_recall": 17.811583691808487,
  "tgt_macro_f1": 14.780062787912085,
  "tgt_ece": 0.40458122160015675,
  "cross_domain_gap": 78.71612292617748
}
{
  "epoch": 43,
  "loss": 0.011869687878844194,
  "src_top1": 88.92857142857142,
  "tgt_top1": 12.587685113016367,
  "tgt_tail_recall": 14.462641340907483,
  "tgt_macro_f1": 10.288935709872648,
  "tgt_ece": 0.404295470678797,
  "cross_domain_gap": 76.34088631555505
}
{
  "epoch": 44,
  "loss": 0.015358536219693325,
  "src_top1": 97.14285714285714,
  "tgt_top1": 21.044427123928294,
  "tgt_tail_recall": 22.530967907647987,
  "tgt_macro_f1": 17.550539261296926,
  "tgt_ece": 0.35757002510879526,
  "cross_domain_gap": 76.09843001892884
}
{
  "epoch": 45,
  "loss": 0.003072886828307703,
  "src_top1": 97.35714285714285,
  "tgt_top1": 19.524551831644583,
  "tgt_tail_recall": 20.843517425258575,
  "tgt_macro_f1": 16.21073281913272,
  "tgt_ece": 0.40003638133255653,
  "cross_domain_gap": 77.83259102549826
}
{
  "epoch": 46,
  "loss": 0.003279981512635184,
  "src_top1": 95.92857142857143,
  "tgt_top1": 19.875292283710056,
  "tgt_tail_recall": 19.295485398783363,
  "tgt_macro_f1": 16.127781470167243,
  "tgt_ece": 0.4128132455358725,
  "cross_domain_gap": 76.05327914486138
}
{
  "epoch": 47,
  "loss": 0.0023745128571113563,
  "src_top1": 97.0,
  "tgt_top1": 19.212782540919722,
  "tgt_tail_recall": 19.648107133663867,
  "tgt_macro_f1": 16.100839179688656,
  "tgt_ece": 0.41864740482690455,
  "cross_domain_gap": 77.78721745908028
}
{
  "epoch": 48,
  "loss": 0.0023711442298836195,
  "src_top1": 96.64285714285714,
  "tgt_top1": 16.134060795011692,
  "tgt_tail_recall": 16.301103546137035,
  "tgt_macro_f1": 13.126887946264695,
  "tgt_ece": 0.48841498646992587,
  "cross_domain_gap": 80.50879634784545
}
{
  "epoch": 49,
  "loss": 0.0062773782538830735,
  "src_top1": 96.28571428571429,
  "tgt_top1": 15.58846453624318,
  "tgt_tail_recall": 17.926513056370442,
  "tgt_macro_f1": 13.235256430860218,
  "tgt_ece": 0.5000081165684264,
  "cross_domain_gap": 80.69724974947111
}
{
  "epoch": 50,
  "loss": 0.01092432897198098,
  "src_top1": 94.57142857142857,
  "tgt_top1": 17.653936087295403,
  "tgt_tail_recall": 10.736486067918369,
  "tgt_macro_f1": 13.124531137442672,
  "tgt_ece": 0.4387587068931999,
  "cross_domain_gap": 76.91749248413316
}
{
  "epoch": 51,
  "loss": 0.006108486310892958,
  "src_top1": 97.28571428571429,
  "tgt_top1": 16.01714731098987,
  "tgt_tail_recall": 13.21197134555861,
  "tgt_macro_f1": 12.314190069638526,
  "tgt_ece": 0.43954693150306623,
  "cross_domain_gap": 81.26856697472442
}
{
  "epoch": 52,
  "loss": 0.002786191926768468,
  "src_top1": 97.85714285714285,
  "tgt_top1": 18.19953234606391,
  "tgt_tail_recall": 13.009031039177138,
  "tgt_macro_f1": 14.948128300767902,
  "tgt_ece": 0.42522520172995515,
  "cross_domain_gap": 79.65761051107893
}
{
  "epoch": 53,
  "loss": 0.009343455503574174,
  "src_top1": 97.35714285714285,
  "tgt_top1": 17.459080280592364,
  "tgt_tail_recall": 14.537172321425532,
  "tgt_macro_f1": 13.152200888144133,
  "tgt_ece": 0.45015973687195165,
  "cross_domain_gap": 79.89806257655049
}
{
  "epoch": 54,
  "loss": 0.0038642486977238763,
  "src_top1": 96.71428571428572,
  "tgt_top1": 18.394388152766954,
  "tgt_tail_recall": 14.058426292567166,
  "tgt_macro_f1": 14.018341861509617,
  "tgt_ece": 0.4004360750573088,
  "cross_domain_gap": 78.31989756151877
}
{
  "epoch": 55,
  "loss": 0.0033768680591951205,
  "src_top1": 98.0,
  "tgt_top1": 17.342166796570538,
  "tgt_tail_recall": 14.1239509675741,
  "tgt_macro_f1": 14.13063256347006,
  "tgt_ece": 0.42531326129475056,
  "cross_domain_gap": 80.65783320342946
}
{
  "epoch": 56,
  "loss": 0.002425427597645516,
  "src_top1": 98.14285714285714,
  "tgt_top1": 19.368667186282153,
  "tgt_tail_recall": 12.382804371490293,
  "tgt_macro_f1": 14.61480537794607,
  "tgt_ece": 0.432856107788307,
  "cross_domain_gap": 78.77418995657499
}
{
  "epoch": 57,
  "loss": 0.004016890824692501,
  "src_top1": 96.14285714285714,
  "tgt_top1": 16.289945440374122,
  "tgt_tail_recall": 12.187690602876096,
  "tgt_macro_f1": 12.493852658240401,
  "tgt_ece": 0.42561608604616424,
  "cross_domain_gap": 79.85291170248301
}
{
  "epoch": 58,
  "loss": 0.004844419641689237,
  "src_top1": 97.5,
  "tgt_top1": 16.874512860483243,
  "tgt_tail_recall": 12.979096897067524,
  "tgt_macro_f1": 13.234478617842695,
  "tgt_ece": 0.47980027484968135,
  "cross_domain_gap": 80.62548713951676
}
{
  "epoch": 59,
  "loss": 0.00340691481038542,
  "src_top1": 96.64285714285714,
  "tgt_top1": 17.459080280592364,
  "tgt_tail_recall": 11.509302205465746,
  "tgt_macro_f1": 13.813531622014603,
  "tgt_ece": 0.4083983028773581,
  "cross_domain_gap": 79.18377686226478
}
{
  "epoch": 60,
  "loss": 0.0022091905333933865,
  "src_top1": 98.0,
  "tgt_top1": 17.848791893998442,
  "tgt_tail_recall": 15.64052710273273,
  "tgt_macro_f1": 14.149397994263966,
  "tgt_ece": 0.3964704160091474,
  "cross_domain_gap": 80.15120810600156
}
{
  "epoch": 61,
  "loss": 0.0018138933285624511,
  "src_top1": 98.14285714285714,
  "tgt_top1": 18.82307092751364,
  "tgt_tail_recall": 13.659015929448906,
  "tgt_macro_f1": 15.182941661641939,
  "tgt_ece": 0.35299730391494943,
  "cross_domain_gap": 79.3197862153435
}
{
  "epoch": 62,
  "loss": 0.007220076944364035,
  "src_top1": 97.28571428571429,
  "tgt_top1": 17.1473109898675,
  "tgt_tail_recall": 14.422113702118624,
  "tgt_macro_f1": 13.753704648520396,
  "tgt_ece": 0.3929511769845303,
  "cross_domain_gap": 80.13840329584679
}
{
  "epoch": 63,
  "loss": 0.0036673608959382816,
  "src_top1": 97.42857142857143,
  "tgt_top1": 16.757599376461418,
  "tgt_tail_recall": 14.913065681010634,
  "tgt_macro_f1": 13.128399257362613,
  "tgt_ece": 0.41462937880681994,
  "cross_domain_gap": 80.67097205211002
}
{
  "epoch": 64,
  "loss": 0.0013292236301200389,
  "src_top1": 98.07142857142857,
  "tgt_top1": 17.809820732657833,
  "tgt_tail_recall": 15.65023890517317,
  "tgt_macro_f1": 14.3369654108031,
  "tgt_ece": 0.4336359357738625,
  "cross_domain_gap": 80.26160783877074
}
{
  "epoch": 65,
  "loss": 0.001758592885321018,
  "src_top1": 97.5,
  "tgt_top1": 16.71862821512081,
  "tgt_tail_recall": 12.350682747051334,
  "tgt_macro_f1": 13.012646588328325,
  "tgt_ece": 0.408113580519393,
  "cross_domain_gap": 80.78137178487918
}
{
  "epoch": 66,
  "loss": 0.0020546339377841777,
  "src_top1": 98.35714285714286,
  "tgt_top1": 17.848791893998442,
  "tgt_tail_recall": 14.877356588576465,
  "tgt_macro_f1": 13.970321351528456,
  "tgt_ece": 0.4051651908919529,
  "cross_domain_gap": 80.50835096314442
}
{
  "epoch": 67,
  "loss": 0.0012646712537052215,
  "src_top1": 98.0,
  "tgt_top1": 18.667186282151206,
  "tgt_tail_recall": 12.19181920972789,
  "tgt_macro_f1": 14.84032780800204,
  "tgt_ece": 0.4380005192380349,
  "cross_domain_gap": 79.3328137178488
}
{
  "epoch": 68,
  "loss": 0.0015669444991921564,
  "src_top1": 97.5,
  "tgt_top1": 18.316445830085737,
  "tgt_tail_recall": 15.97739771519088,
  "tgt_macro_f1": 14.077201580349369,
  "tgt_ece": 0.40884721139772556,
  "cross_domain_gap": 79.18355416991426
}
{
  "epoch": 69,
  "loss": 0.0011054926904261802,
  "src_top1": 97.64285714285714,
  "tgt_top1": 20.14809041309431,
  "tgt_tail_recall": 15.84092918771067,
  "tgt_macro_f1": 16.62761793075457,
  "tgt_ece": 0.4133854016591958,
  "cross_domain_gap": 77.49476672976283
}
{
  "epoch": 70,
  "loss": 0.0011854020596620202,
  "src_top1": 97.92857142857143,
  "tgt_top1": 18.004676539360872,
  "tgt_tail_recall": 12.122066233769454,
  "tgt_macro_f1": 14.553326954982385,
  "tgt_ece": 0.4486069586345765,
  "cross_domain_gap": 79.92389488921056
}
{
  "epoch": 71,
  "loss": 0.0020518627129988403,
  "src_top1": 97.85714285714285,
  "tgt_top1": 17.10833982852689,
  "tgt_tail_recall": 15.745918519245267,
  "tgt_macro_f1": 14.334546880067563,
  "tgt_ece": 0.45147728131371184,
  "cross_domain_gap": 80.74880302861595
}
{
  "epoch": 72,
  "loss": 0.0013815314054876485,
  "src_top1": 98.0,
  "tgt_top1": 20.226032735775526,
  "tgt_tail_recall": 14.863878960542381,
  "tgt_macro_f1": 15.953556967644516,
  "tgt_ece": 0.3860431870769358,
  "cross_domain_gap": 77.77396726422447
}
{
  "epoch": 73,
  "loss": 0.0016111583903029674,
  "src_top1": 97.85714285714285,
  "tgt_top1": 17.692907248636008,
  "tgt_tail_recall": 13.395099388424594,
  "tgt_macro_f1": 13.617304179677655,
  "tgt_ece": 0.46761267265814505,
  "cross_domain_gap": 80.16423560850684
}
{
  "epoch": 74,
  "loss": 0.001343730418051445,
  "src_top1": 98.21428571428571,
  "tgt_top1": 19.446609508963366,
  "tgt_tail_recall": 18.334645308500175,
  "tgt_macro_f1": 15.501576738187515,
  "tgt_ece": 0.388655661023857,
  "cross_domain_gap": 78.76767620532235
}
{
  "epoch": 75,
  "loss": 0.0008945680232133536,
  "src_top1": 97.85714285714285,
  "tgt_top1": 20.53780202650039,
  "tgt_tail_recall": 18.66406715446196,
  "tgt_macro_f1": 16.55451776454016,
  "tgt_ece": 0.3739526079370933,
  "cross_domain_gap": 77.31934083064246
}
{
  "epoch": 76,
  "loss": 0.0015243404511798694,
  "src_top1": 98.28571428571429,
  "tgt_top1": 18.316445830085737,
  "tgt_tail_recall": 15.551775579200664,
  "tgt_macro_f1": 14.977779698328913,
  "tgt_ece": 0.38818365351724515,
  "cross_domain_gap": 79.96926845562855
}
{
  "epoch": 77,
  "loss": 0.001262101423801057,
  "src_top1": 98.0,
  "tgt_top1": 18.706157443491815,
  "tgt_tail_recall": 15.199673441997962,
  "tgt_macro_f1": 14.445223609842387,
  "tgt_ece": 0.38666815847297803,
  "cross_domain_gap": 79.29384255650818
}
{
  "epoch": 78,
  "loss": 0.0009029986552622863,
  "src_top1": 97.64285714285714,
  "tgt_top1": 19.01792673421668,
  "tgt_tail_recall": 13.94244579894254,
  "tgt_macro_f1": 15.130199473092492,
  "tgt_ece": 0.44892890364024574,
  "cross_domain_gap": 78.62493040864047
}
{
  "epoch": 79,
  "loss": 0.000808410424228933,
  "src_top1": 98.21428571428571,
  "tgt_top1": 18.745128604832423,
  "tgt_tail_recall": 13.527685003889383,
  "tgt_macro_f1": 15.01353616775283,
  "tgt_ece": 0.43472068915934836,
  "cross_domain_gap": 79.46915710945328
}
{
  "epoch": 80,
  "loss": 0.0007732558872354096,
  "src_top1": 98.42857142857143,
  "tgt_top1": 19.6024941543258,
  "tgt_tail_recall": 13.979579133143123,
  "tgt_macro_f1": 16.09536932523345,
  "tgt_ece": 0.3870935132168089,
  "cross_domain_gap": 78.82607727424563
}
{
  "epoch": 81,
  "loss": 0.0007549853178199446,
  "src_top1": 98.0,
  "tgt_top1": 18.27747466874513,
  "tgt_tail_recall": 15.134076797959159,
  "tgt_macro_f1": 15.2639634836516,
  "tgt_ece": 0.45635617963406416,
  "cross_domain_gap": 79.72252533125487
}
{
  "epoch": 82,
  "loss": 0.0007217989136659758,
  "src_top1": 98.21428571428571,
  "tgt_top1": 18.511301636788776,
  "tgt_tail_recall": 12.344069496181712,
  "tgt_macro_f1": 14.87855827444912,
  "tgt_ece": 0.4185348622245381,
  "cross_domain_gap": 79.70298407749694
}
{
  "epoch": 83,
  "loss": 0.0006838311094351007,
  "src_top1": 98.14285714285714,
  "tgt_top1": 19.290724863600936,
  "tgt_tail_recall": 13.513762081660236,
  "tgt_macro_f1": 14.890184592438027,
  "tgt_ece": 0.4004662293397814,
  "cross_domain_gap": 78.85213227925621
}
{
  "epoch": 84,
  "loss": 0.0006813748273584642,
  "src_top1": 98.57142857142858,
  "tgt_top1": 18.160561184723303,
  "tgt_tail_recall": 13.339385851025845,
  "tgt_macro_f1": 14.492913540183011,
  "tgt_ece": 0.42042197631447,
  "cross_domain_gap": 80.41086738670528
}
{
  "epoch": 85,
  "loss": 0.0005187554203269004,
  "src_top1": 98.57142857142858,
  "tgt_top1": 18.589243959469993,
  "tgt_tail_recall": 12.458512619395767,
  "tgt_macro_f1": 14.997514418290567,
  "tgt_ece": 0.4127855446895211,
  "cross_domain_gap": 79.98218461195859
}
{
  "epoch": 86,
  "loss": 0.0005095998623667456,
  "src_top1": 98.14285714285714,
  "tgt_top1": 20.070148090413095,
  "tgt_tail_recall": 14.881458169448486,
  "tgt_macro_f1": 16.61710837749432,
  "tgt_ece": 0.3873236202115857,
  "cross_domain_gap": 78.07270905244404
}
{
  "epoch": 87,
  "loss": 0.0004450869003372219,
  "src_top1": 98.14285714285714,
  "tgt_top1": 19.446609508963366,
  "tgt_tail_recall": 13.057983415233693,
  "tgt_macro_f1": 15.834465187351457,
  "tgt_ece": 0.3892894878878969,
  "cross_domain_gap": 78.69624763389378
}
{
  "epoch": 88,
  "loss": 0.0005436303959033234,
  "src_top1": 98.42857142857143,
  "tgt_top1": 19.641465315666405,
  "tgt_tail_recall": 14.33258404397319,
  "tgt_macro_f1": 15.81897917927353,
  "tgt_ece": 0.38750293387487733,
  "cross_domain_gap": 78.78710611290502
}
{
  "epoch": 89,
  "loss": 0.0004278057278252386,
  "src_top1": 98.64285714285714,
  "tgt_top1": 19.01792673421668,
  "tgt_tail_recall": 12.861239259997543,
  "tgt_macro_f1": 15.424601694759449,
  "tgt_ece": 0.41648819632915346,
  "cross_domain_gap": 79.62493040864047
}
{
  "epoch": 90,
  "loss": 0.00043217129612145686,
  "src_top1": 98.57142857142858,
  "tgt_top1": 19.17381137957911,
  "tgt_tail_recall": 14.385977694234562,
  "tgt_macro_f1": 16.033900503728084,
  "tgt_ece": 0.41762421219460866,
  "cross_domain_gap": 79.39761719184948
}
{
  "epoch": 91,
  "loss": 0.0004313921016588503,
  "src_top1": 98.5,
  "tgt_top1": 19.01792673421668,
  "tgt_tail_recall": 12.535460135987256,
  "tgt_macro_f1": 15.418078128583115,
  "tgt_ece": 0.4227549725459687,
  "cross_domain_gap": 79.48207326578333
}
{
  "epoch": 92,
  "loss": 0.0004246618555576634,
  "src_top1": 98.57142857142858,
  "tgt_top1": 18.82307092751364,
  "tgt_tail_recall": 12.748465301148698,
  "tgt_macro_f1": 15.227180535593199,
  "tgt_ece": 0.42395231195101957,
  "cross_domain_gap": 79.74835764391494
}
{
  "epoch": 93,
  "loss": 0.00039258693221209706,
  "src_top1": 98.42857142857143,
  "tgt_top1": 19.40763834762276,
  "tgt_tail_recall": 13.624622420027018,
  "tgt_macro_f1": 16.05669608881681,
  "tgt_ece": 0.3898713784067313,
  "cross_domain_gap": 79.02093308094867
}
{
  "epoch": 94,
  "loss": 0.0004418839471996484,
  "src_top1": 98.64285714285714,
  "tgt_top1": 18.862042088854245,
  "tgt_tail_recall": 13.092702236565906,
  "tgt_macro_f1": 15.30991074256093,
  "tgt_ece": 0.4050553522347846,
  "cross_domain_gap": 79.78081505400289
}
{
  "epoch": 95,
  "loss": 0.00040028182819738795,
  "src_top1": 98.57142857142858,
  "tgt_top1": 19.095869056897897,
  "tgt_tail_recall": 14.053596234493984,
  "tgt_macro_f1": 15.751321359513797,
  "tgt_ece": 0.40177458648977105,
  "cross_domain_gap": 79.47555951453069
}
{
  "epoch": 96,
  "loss": 0.00043290122859904,
  "src_top1": 98.57142857142858,
  "tgt_top1": 18.121590023382698,
  "tgt_tail_recall": 12.95820195746051,
  "tgt_macro_f1": 14.891060951967603,
  "tgt_ece": 0.4331403023977811,
  "cross_domain_gap": 80.44983854804589
}
{
  "epoch": 97,
  "loss": 0.0003288162913979958,
  "src_top1": 98.5,
  "tgt_top1": 19.719407638347622,
  "tgt_tail_recall": 14.314294991914023,
  "tgt_macro_f1": 15.93323764727182,
  "tgt_ece": 0.3969833659253498,
  "cross_domain_gap": 78.78059236165238
}
{
  "epoch": 98,
  "loss": 0.00035326370329631033,
  "src_top1": 98.5,
  "tgt_top1": 19.212782540919722,
  "tgt_tail_recall": 14.045631706029804,
  "tgt_macro_f1": 15.393458677353673,
  "tgt_ece": 0.4059882594514943,
  "cross_domain_gap": 79.28721745908028
}
{
  "epoch": 99,
  "loss": 0.0003347468165143515,
  "src_top1": 98.57142857142858,
  "tgt_top1": 19.641465315666405,
  "tgt_tail_recall": 14.568494911767774,
  "tgt_macro_f1": 16.175733540598223,
  "tgt_ece": 0.39105153361964023,
  "cross_domain_gap": 78.92996325576217
}
{
  "epoch": 100,
  "loss": 0.00033697527656811237,
  "src_top1": 98.71428571428571,
  "tgt_top1": 18.97895557287607,
  "tgt_tail_recall": 13.998400801808039,
  "tgt_macro_f1": 15.594151676586604,
  "tgt_ece": 0.4114122877735137,
  "cross_domain_gap": 79.73533014140963
}
[CD-APDM] training complete -> /root/data1/xzc/agri-cnz/runs/exp2-ours/ours-s3/cd_apdm_final.pt
[CD-APDM] iters: ccgan=1000 ssplam=300 mt=300

=== Target-domain results ===
{
  "top1": 16.52377240841777,
  "tail_recall": 26.264832515520087,
  "macro_f1": 14.224581274762851,
  "ece": 0.24967807544422915,
  "ablation": "full"
}
saved -> /root/data1/xzc/agri-cnz/runs/exp2-ours/ours-s3/bestval/eval_full.json
[CD-APDM] iters: ccgan=1000 ssplam=300 mt=300

=== Target-domain results ===
{
  "top1": 16.52377240841777,
  "tail_recall": 26.264832515520087,
  "macro_f1": 14.224581274762851,
  "ece": 0.2496781915263654,
  "ablation": "full"
}
saved -> /root/data1/xzc/agri-cnz/runs/exp2-ours/ours-s3/final/eval_full.json
