===== 2026-09-23T10:19:58+08:00 attempt 
[CD-APDM] device = cuda
[CD-APDM] source train=23488  val=1400  target=2566  temporal=False
[CD-APDM] buckets: many=18 tail=10 -> tail_classes=[18, 19, 20, 21, 22, 23, 24, 25, 26, 27]
[CD-APDM] Fitting domain classifier (MDIWM)…
[CD-APDM] Pre-computing MDIWM instance weights…
[CD-APDM] lr: head=0.001, backbone=0.0001
/root/data1/xzc/agri-cnz/repo/code/src/train.py:324: FutureWarning: `torch.cuda.amp.GradScaler(args...)` is deprecated. Please use `torch.amp.GradScaler('cuda', args...)` instead.
  scaler = torch.cuda.amp.GradScaler(enabled=amp_enabled)
/root/data1/xzc/agri-cnz/repo/code/src/train.py:387: FutureWarning: `torch.cuda.amp.autocast(args...)` is deprecated. Please use `torch.amp.autocast('cuda', args...)` instead.
  with torch.cuda.amp.autocast(enabled=amp_enabled):
{
  "epoch": 1,
  "loss": 0.32808665990098623,
  "src_top1": 80.5,
  "tgt_top1": 16.134060795011692,
  "tgt_tail_recall": 17.43238434746031,
  "tgt_macro_f1": 12.067564329683456,
  "tgt_ece": 0.08155441390450635,
  "cross_domain_gap": 64.36593920498831
}
{
  "epoch": 2,
  "loss": 0.0233108136382294,
  "src_top1": 92.57142857142857,
  "tgt_top1": 18.550272798129384,
  "tgt_tail_recall": 15.926185354562545,
  "tgt_macro_f1": 14.859185351453451,
  "tgt_ece": 0.24031460940233917,
  "cross_domain_gap": 74.02115577329918
}
{
  "epoch": 3,
  "loss": 0.013976262911852215,
  "src_top1": 92.85714285714286,
  "tgt_top1": 24.35697583787997,
  "tgt_tail_recall": 22.431665743424123,
  "tgt_macro_f1": 19.401379232185327,
  "tgt_ece": 0.15464242831139666,
  "cross_domain_gap": 68.50016701926289
}
{
  "epoch": 4,
  "loss": 0.011218037343110093,
  "src_top1": 93.71428571428572,
  "tgt_top1": 23.109898674980514,
  "tgt_tail_recall": 20.587154088062317,
  "tgt_macro_f1": 17.853149731886536,
  "tgt_ece": 0.19534687884877833,
  "cross_domain_gap": 70.60438703930521
}
/root/data1/xzc/agri_ai_conda/envs/agri-ctta-py311-cuda-of5-v5-r2/lib/python3.11/site-packages/torch/optim/lr_scheduler.py:243: UserWarning: The epoch parameter in `scheduler.step()` was not necessary and is being deprecated where possible. Please use `scheduler.step()` to step the scheduler. During the deprecation, if epoch is different from None, the closed form is used instead of the new chainable form, where available. Please open an issue if you are unable to replicate your use case: https://github.com/pytorch/pytorch/issues/new/choose.
  warnings.warn(EPOCH_DEPRECATION_WARNING, UserWarning)
{
  "epoch": 5,
  "loss": 0.010749887432303528,
  "src_top1": 96.5,
  "tgt_top1": 25.097427903351523,
  "tgt_tail_recall": 25.18571011550636,
  "tgt_macro_f1": 20.349600972226902,
  "tgt_ece": 0.20211399006581082,
  "cross_domain_gap": 71.40257209664847
}
{
  "epoch": 6,
  "loss": 0.012586799151428603,
  "src_top1": 95.07142857142857,
  "tgt_top1": 24.590802805923616,
  "tgt_tail_recall": 23.244011473748593,
  "tgt_macro_f1": 20.103321006165885,
  "tgt_ece": 0.22886975053683306,
  "cross_domain_gap": 70.48062576550495
}
{
  "epoch": 7,
  "loss": 0.015476352448511123,
  "src_top1": 96.57142857142857,
  "tgt_top1": 22.213561964146532,
  "tgt_tail_recall": 19.162061772448173,
  "tgt_macro_f1": 18.74804298569483,
  "tgt_ece": 0.25927474024826813,
  "cross_domain_gap": 74.35786660728203
}
{
  "epoch": 8,
  "loss": 0.004690176309525716,
  "src_top1": 92.07142857142857,
  "tgt_top1": 21.27825409197194,
  "tgt_tail_recall": 22.343275846748554,
  "tgt_macro_f1": 18.655981924045758,
  "tgt_ece": 0.3068331522941125,
  "cross_domain_gap": 70.79317447945662
}
{
  "epoch": 9,
  "loss": 0.03670566677195477,
  "src_top1": 93.92857142857143,
  "tgt_top1": 19.524551831644583,
  "tgt_tail_recall": 15.445529659765397,
  "tgt_macro_f1": 15.330430962250787,
  "tgt_ece": 0.41709028570009044,
  "cross_domain_gap": 74.40401959692684
}
{
  "epoch": 10,
  "loss": 0.008965815082576243,
  "src_top1": 96.5,
  "tgt_top1": 17.381137957911147,
  "tgt_tail_recall": 21.290747191331818,
  "tgt_macro_f1": 13.864981406932204,
  "tgt_ece": 0.4879900224576541,
  "cross_domain_gap": 79.11886204208885
}
{
  "epoch": 11,
  "loss": 0.010705554867049105,
  "src_top1": 97.5,
  "tgt_top1": 20.031176929072487,
  "tgt_tail_recall": 21.14038624234327,
  "tgt_macro_f1": 15.592859146264695,
  "tgt_ece": 0.428650736126436,
  "cross_domain_gap": 77.46882307092751
}
{
  "epoch": 12,
  "loss": 0.014376223478864369,
  "src_top1": 94.14285714285714,
  "tgt_top1": 17.225253312548713,
  "tgt_tail_recall": 21.056655731190205,
  "tgt_macro_f1": 14.625067557325602,
  "tgt_ece": 0.3518897200617373,
  "cross_domain_gap": 76.91760383030842
}
{
  "epoch": 13,
  "loss": 0.01724220972465131,
  "src_top1": 90.42857142857143,
  "tgt_top1": 15.705378020265004,
  "tgt_tail_recall": 20.42814321881127,
  "tgt_macro_f1": 11.789026335087017,
  "tgt_ece": 0.335869341031797,
  "cross_domain_gap": 74.72319340830643
}
{
  "epoch": 14,
  "loss": 0.009565826713154155,
  "src_top1": 97.35714285714285,
  "tgt_top1": 17.186282151208108,
  "tgt_tail_recall": 17.038150318599218,
  "tgt_macro_f1": 13.349209262157427,
  "tgt_ece": 0.4744150986051476,
  "cross_domain_gap": 80.17086070593474
}
{
  "epoch": 15,
  "loss": 0.013512250598212667,
  "src_top1": 94.42857142857143,
  "tgt_top1": 21.47310989867498,
  "tgt_tail_recall": 17.92677709689116,
  "tgt_macro_f1": 17.01766340815027,
  "tgt_ece": 0.3135907579524064,
  "cross_domain_gap": 72.95546152989645
}
{
  "epoch": 16,
  "loss": 0.007124042851679574,
  "src_top1": 96.78571428571429,
  "tgt_top1": 19.56352299298519,
  "tgt_tail_recall": 16.298662578397416,
  "tgt_macro_f1": 15.846313993152142,
  "tgt_ece": 0.4273774826221185,
  "cross_domain_gap": 77.2221912927291
}
{
  "epoch": 17,
  "loss": 0.026003336382952737,
  "src_top1": 93.35714285714286,
  "tgt_top1": 17.225253312548713,
  "tgt_tail_recall": 19.802248125032,
  "tgt_macro_f1": 13.284327172867394,
  "tgt_ece": 0.38618043175407063,
  "cross_domain_gap": 76.13188954459415
}
{
  "epoch": 18,
  "loss": 0.00731473595133089,
  "src_top1": 96.92857142857143,
  "tgt_top1": 18.355416991426342,
  "tgt_tail_recall": 16.43824259818925,
  "tgt_macro_f1": 14.49075370043816,
  "tgt_ece": 0.4393099941377145,
  "cross_domain_gap": 78.57315443714509
}
{
  "epoch": 19,
  "loss": 0.008668978899879583,
  "src_top1": 97.0,
  "tgt_top1": 18.745128604832423,
  "tgt_tail_recall": 14.207385558652883,
  "tgt_macro_f1": 15.039902726707172,
  "tgt_ece": 0.4006546238293568,
  "cross_domain_gap": 78.25487139516758
}
{
  "epoch": 20,
  "loss": 0.005308816829557202,
  "src_top1": 97.14285714285714,
  "tgt_top1": 18.19953234606391,
  "tgt_tail_recall": 17.94584464109853,
  "tgt_macro_f1": 14.55787577698131,
  "tgt_ece": 0.4332920926523599,
  "cross_domain_gap": 78.94332479679323
}
{
  "epoch": 21,
  "loss": 0.004794084003255595,
  "src_top1": 96.85714285714285,
  "tgt_top1": 19.680436477007017,
  "tgt_tail_recall": 17.711440071985603,
  "tgt_macro_f1": 15.28817087257506,
  "tgt_ece": 0.37117135796524636,
  "cross_domain_gap": 77.17670638013583
}
{
  "epoch": 22,
  "loss": 0.02193944527735402,
  "src_top1": 92.21428571428572,
  "tgt_top1": 18.6282151208106,
  "tgt_tail_recall": 19.952189899456723,
  "tgt_macro_f1": 15.022323774145233,
  "tgt_ece": 0.4376169737204851,
  "cross_domain_gap": 73.58607059347511
}
{
  "epoch": 23,
  "loss": 0.019713896907211283,
  "src_top1": 96.21428571428572,
  "tgt_top1": 20.498830865159782,
  "tgt_tail_recall": 19.584735022733586,
  "tgt_macro_f1": 15.807498456656605,
  "tgt_ece": 0.34940283077414014,
  "cross_domain_gap": 75.71545484912593
}
{
  "epoch": 24,
  "loss": 0.012225516650452068,
  "src_top1": 94.07142857142857,
  "tgt_top1": 18.862042088854245,
  "tgt_tail_recall": 18.053766444074757,
  "tgt_macro_f1": 15.351673920092827,
  "tgt_ece": 0.33642213087491196,
  "cross_domain_gap": 75.20938648257433
}
{
  "epoch": 25,
  "loss": 0.0046974619000517935,
  "src_top1": 97.42857142857143,
  "tgt_top1": 18.394388152766954,
  "tgt_tail_recall": 16.14518319938878,
  "tgt_macro_f1": 15.168606559340558,
  "tgt_ece": 0.39582369510528637,
  "cross_domain_gap": 79.03418327580448
}
{
  "epoch": 26,
  "loss": 0.04261085133436066,
  "src_top1": 86.21428571428571,
  "tgt_top1": 13.172252533125487,
  "tgt_tail_recall": 15.279130724117291,
  "tgt_macro_f1": 11.012102887764614,
  "tgt_ece": 0.4112130517280854,
  "cross_domain_gap": 73.04203318116022
}
{
  "epoch": 27,
  "loss": 0.036960327585433335,
  "src_top1": 91.92857142857143,
  "tgt_top1": 14.02961808261886,
  "tgt_tail_recall": 12.517556447540928,
  "tgt_macro_f1": 11.287273296469875,
  "tgt_ece": 0.4793033438095197,
  "cross_domain_gap": 77.89895334595258
}
{
  "epoch": 28,
  "loss": 0.007500221335350685,
  "src_top1": 96.57142857142857,
  "tgt_top1": 14.886983632112235,
  "tgt_tail_recall": 9.679881565608287,
  "tgt_macro_f1": 12.39434735698803,
  "tgt_ece": 0.5003928579012584,
  "cross_domain_gap": 81.68444493931634
}
{
  "epoch": 29,
  "loss": 0.005458675306915288,
  "src_top1": 96.07142857142857,
  "tgt_top1": 15.97817614964926,
  "tgt_tail_recall": 14.609163469545067,
  "tgt_macro_f1": 12.883513872941442,
  "tgt_ece": 0.4743083890582655,
  "cross_domain_gap": 80.09325242177931
}
{
  "epoch": 30,
  "loss": 0.0063025386607825085,
  "src_top1": 93.0,
  "tgt_top1": 15.549493374902573,
  "tgt_tail_recall": 15.44626170736313,
  "tgt_macro_f1": 11.631691546756894,
  "tgt_ece": 0.40352796217018705,
  "cross_domain_gap": 77.45050662509743
}
{
  "epoch": 31,
  "loss": 0.009968198170268157,
  "src_top1": 96.64285714285714,
  "tgt_top1": 15.315666406858924,
  "tgt_tail_recall": 10.239707704381795,
  "tgt_macro_f1": 11.662384507657443,
  "tgt_ece": 0.48303885861290496,
  "cross_domain_gap": 81.32719073599822
}
{
  "epoch": 32,
  "loss": 0.003855732970634553,
  "src_top1": 97.0,
  "tgt_top1": 17.731878409976616,
  "tgt_tail_recall": 12.711130106888465,
  "tgt_macro_f1": 13.765394032080874,
  "tgt_ece": 0.4223538836462834,
  "cross_domain_gap": 79.26812159002338
}
{
  "epoch": 33,
  "loss": 0.00854604019087483,
  "src_top1": 97.14285714285714,
  "tgt_top1": 16.952455183164457,
  "tgt_tail_recall": 11.426114755227239,
  "tgt_macro_f1": 12.55549029188967,
  "tgt_ece": 0.453210749385395,
  "cross_domain_gap": 80.19040195969268
}
{
  "epoch": 34,
  "loss": 0.019523005949778037,
  "src_top1": 96.64285714285714,
  "tgt_top1": 18.004676539360872,
  "tgt_tail_recall": 13.952682788434684,
  "tgt_macro_f1": 14.038391428177643,
  "tgt_ece": 0.4678327691997528,
  "cross_domain_gap": 78.63818060349627
}
{
  "epoch": 35,
  "loss": 0.005353042442199796,
  "src_top1": 96.42857142857143,
  "tgt_top1": 17.381137957911147,
  "tgt_tail_recall": 13.470721104590721,
  "tgt_macro_f1": 13.117047608533863,
  "tgt_ece": 0.3794907667468696,
  "cross_domain_gap": 79.04743347066028
}
{
  "epoch": 36,
  "loss": 0.00496426244805664,
  "src_top1": 95.85714285714285,
  "tgt_top1": 15.120810600155885,
  "tgt_tail_recall": 12.367281753897212,
  "tgt_macro_f1": 11.91923672369301,
  "tgt_ece": 0.4393825656382348,
  "cross_domain_gap": 80.73633225698697
}
{
  "epoch": 37,
  "loss": 0.004750462474743725,
  "src_top1": 97.0,
  "tgt_top1": 16.484801247077165,
  "tgt_tail_recall": 14.120987466483065,
  "tgt_macro_f1": 12.877724138068766,
  "tgt_ece": 0.44515560004375265,
  "cross_domain_gap": 80.51519875292283
}
{
  "epoch": 38,
  "loss": 0.004552587976437969,
  "src_top1": 68.07142857142857,
  "tgt_top1": 12.120031176929071,
  "tgt_tail_recall": 13.690465078236441,
  "tgt_macro_f1": 9.610483744779627,
  "tgt_ece": 0.4702276449159821,
  "cross_domain_gap": 55.951397394499494
}
{
  "epoch": 39,
  "loss": 0.011559677639787722,
  "src_top1": 95.85714285714285,
  "tgt_top1": 13.016367887763055,
  "tgt_tail_recall": 9.891994822205714,
  "tgt_macro_f1": 10.064803644534619,
  "tgt_ece": 0.5469718234539496,
  "cross_domain_gap": 82.8407749693798
}
{
  "epoch": 40,
  "loss": 0.007483626423214565,
  "src_top1": 97.57142857142857,
  "tgt_top1": 18.472330475448167,
  "tgt_tail_recall": 12.118212555899008,
  "tgt_macro_f1": 14.081699704846582,
  "tgt_ece": 0.42381509219819646,
  "cross_domain_gap": 79.0990980959804
}
{
  "epoch": 41,
  "loss": 0.006552689932044075,
  "src_top1": 95.57142857142857,
  "tgt_top1": 17.342166796570538,
  "tgt_tail_recall": 12.522527413217091,
  "tgt_macro_f1": 12.955909742624888,
  "tgt_ece": 0.4416408720582329,
  "cross_domain_gap": 78.22926177485803
}
{
  "epoch": 42,
  "loss": 0.0032253419546208538,
  "src_top1": 96.07142857142857,
  "tgt_top1": 15.43257989088075,
  "tgt_tail_recall": 14.428415771414457,
  "tgt_macro_f1": 11.87264785382619,
  "tgt_ece": 0.43383273040398157,
  "cross_domain_gap": 80.63884868054782
}
{
  "epoch": 43,
  "loss": 0.0027421172758431444,
  "src_top1": 97.64285714285714,
  "tgt_top1": 19.95323460639127,
  "tgt_tail_recall": 15.385174092105494,
  "tgt_macro_f1": 14.378634540166981,
  "tgt_ece": 0.3478184922228822,
  "cross_domain_gap": 77.68962253646586
}
{
  "epoch": 44,
  "loss": 0.007805647310781897,
  "src_top1": 95.0,
  "tgt_top1": 14.302416212003118,
  "tgt_tail_recall": 15.327276810807572,
  "tgt_macro_f1": 10.599047112205966,
  "tgt_ece": 0.5143300821149571,
  "cross_domain_gap": 80.69758378799688
}
{
  "epoch": 45,
  "loss": 0.004449103110760044,
  "src_top1": 94.92857142857143,
  "tgt_top1": 18.511301636788776,
  "tgt_tail_recall": 12.884168770790739,
  "tgt_macro_f1": 14.5396703863905,
  "tgt_ece": 0.38790824653367373,
  "cross_domain_gap": 76.41726979178266
}
{
  "epoch": 46,
  "loss": 0.0037716195410402915,
  "src_top1": 95.28571428571428,
  "tgt_top1": 15.97817614964926,
  "tgt_tail_recall": 11.753162050908031,
  "tgt_macro_f1": 12.107421559551293,
  "tgt_ece": 0.4409675581419923,
  "cross_domain_gap": 79.30753813606502
}
{
  "epoch": 47,
  "loss": 0.012468643684754763,
  "src_top1": 92.07142857142857,
  "tgt_top1": 11.457521434138737,
  "tgt_tail_recall": 15.730622694710206,
  "tgt_macro_f1": 9.351905772488358,
  "tgt_ece": 0.49637811670452936,
  "cross_domain_gap": 80.61390713728983
}
{
  "epoch": 48,
  "loss": 0.005305347999382635,
  "src_top1": 96.14285714285714,
  "tgt_top1": 15.00389711613406,
  "tgt_tail_recall": 13.18332442895332,
  "tgt_macro_f1": 11.360997652521263,
  "tgt_ece": 0.5027308558184285,
  "cross_domain_gap": 81.13896002672308
}
{
  "epoch": 49,
  "loss": 0.0037440421957505503,
  "src_top1": 96.14285714285714,
  "tgt_top1": 16.36788776305534,
  "tgt_tail_recall": 14.862386375628567,
  "tgt_macro_f1": 11.86598673997147,
  "tgt_ece": 0.45002313719848963,
  "cross_domain_gap": 79.7749693798018
}
{
  "epoch": 50,
  "loss": 0.002904228346027946,
  "src_top1": 97.64285714285714,
  "tgt_top1": 16.445830085736553,
  "tgt_tail_recall": 15.343279403247267,
  "tgt_macro_f1": 13.556297526309555,
  "tgt_ece": 0.4577536810180775,
  "cross_domain_gap": 81.19702705712058
}
{
  "epoch": 51,
  "loss": 0.002073495177524467,
  "src_top1": 97.64285714285714,
  "tgt_top1": 15.939204988308653,
  "tgt_tail_recall": 14.109903213212444,
  "tgt_macro_f1": 11.759448193665499,
  "tgt_ece": 0.43037129370081917,
  "cross_domain_gap": 81.70365215454848
}
{
  "epoch": 52,
  "loss": 0.003940229355919045,
  "src_top1": 97.14285714285714,
  "tgt_top1": 16.640685892439596,
  "tgt_tail_recall": 13.8032303712393,
  "tgt_macro_f1": 12.673339431333394,
  "tgt_ece": 0.44787463426171853,
  "cross_domain_gap": 80.50217125041755
}
{
  "epoch": 53,
  "loss": 0.016063582070779247,
  "src_top1": 89.78571428571429,
  "tgt_top1": 15.900233826968044,
  "tgt_tail_recall": 17.796304932336234,
  "tgt_macro_f1": 12.451456695695654,
  "tgt_ece": 0.48470283719541873,
  "cross_domain_gap": 73.88548045874624
}
{
  "epoch": 54,
  "loss": 0.010560504281201859,
  "src_top1": 96.85714285714285,
  "tgt_top1": 16.36788776305534,
  "tgt_tail_recall": 15.086726391666955,
  "tgt_macro_f1": 12.77004437852304,
  "tgt_ece": 0.4849719528111739,
  "cross_domain_gap": 80.48925509408751
}
{
  "epoch": 55,
  "loss": 0.0024721342954487726,
  "src_top1": 97.21428571428572,
  "tgt_top1": 18.004676539360872,
  "tgt_tail_recall": 12.819520472964383,
  "tgt_macro_f1": 14.029086288544724,
  "tgt_ece": 0.45840229456394976,
  "cross_domain_gap": 79.20960917492485
}
{
  "epoch": 56,
  "loss": 0.002292053661945502,
  "src_top1": 97.85714285714285,
  "tgt_top1": 17.653936087295403,
  "tgt_tail_recall": 13.454121179635854,
  "tgt_macro_f1": 14.581200886002252,
  "tgt_ece": 0.4375201211146145,
  "cross_domain_gap": 80.20320676984744
}
{
  "epoch": 57,
  "loss": 0.00153068263609647,
  "src_top1": 98.0,
  "tgt_top1": 16.56274356975838,
  "tgt_tail_recall": 11.984533064036896,
  "tgt_macro_f1": 13.138748256896339,
  "tgt_ece": 0.4571072854949502,
  "cross_domain_gap": 81.43725643024162
}
{
  "epoch": 58,
  "loss": 0.0018127477922150026,
  "src_top1": 97.71428571428571,
  "tgt_top1": 17.1473109898675,
  "tgt_tail_recall": 13.032034974919615,
  "tgt_macro_f1": 13.229438406761837,
  "tgt_ece": 0.42868678357135664,
  "cross_domain_gap": 80.5669747244182
}
{
  "epoch": 59,
  "loss": 0.002053822856004883,
  "src_top1": 97.85714285714285,
  "tgt_top1": 17.42010911925175,
  "tgt_tail_recall": 12.825390264231737,
  "tgt_macro_f1": 13.358620839363281,
  "tgt_ece": 0.4273490459772171,
  "cross_domain_gap": 80.4370337378911
}
{
  "epoch": 60,
  "loss": 0.0036891570488842757,
  "src_top1": 97.0,
  "tgt_top1": 17.692907248636008,
  "tgt_tail_recall": 11.732022048602134,
  "tgt_macro_f1": 13.98110176123398,
  "tgt_ece": 0.38555369545892176,
  "cross_domain_gap": 79.307092751364
}
{
  "epoch": 61,
  "loss": 0.0034269475822163707,
  "src_top1": 93.42857142857143,
  "tgt_top1": 16.601714731098987,
  "tgt_tail_recall": 19.6286976898622,
  "tgt_macro_f1": 12.806734554234675,
  "tgt_ece": 0.4045420759825714,
  "cross_domain_gap": 76.82685669747244
}
{
  "epoch": 62,
  "loss": 0.004471767476609336,
  "src_top1": 96.28571428571429,
  "tgt_top1": 17.692907248636008,
  "tgt_tail_recall": 16.453051130884948,
  "tgt_macro_f1": 13.651376959243466,
  "tgt_ece": 0.39621115075199287,
  "cross_domain_gap": 78.59280703707829
}
{
  "epoch": 63,
  "loss": 0.003134250105025592,
  "src_top1": 98.21428571428571,
  "tgt_top1": 17.225253312548713,
  "tgt_tail_recall": 14.259980104128475,
  "tgt_macro_f1": 13.520281337049166,
  "tgt_ece": 0.426030054926547,
  "cross_domain_gap": 80.98903240173699
}
{
  "epoch": 64,
  "loss": 0.0025341531497635925,
  "src_top1": 97.35714285714285,
  "tgt_top1": 19.446609508963366,
  "tgt_tail_recall": 13.639966287616847,
  "tgt_macro_f1": 14.29679135301975,
  "tgt_ece": 0.37565342693452436,
  "cross_domain_gap": 77.91053334817948
}
{
  "epoch": 65,
  "loss": 0.002485041142572498,
  "src_top1": 97.42857142857143,
  "tgt_top1": 18.550272798129384,
  "tgt_tail_recall": 16.224936646132477,
  "tgt_macro_f1": 15.03374236946097,
  "tgt_ece": 0.3928497299168692,
  "cross_domain_gap": 78.87829863044205
}
{
  "epoch": 66,
  "loss": 0.0016692668706878625,
  "src_top1": 97.57142857142857,
  "tgt_top1": 16.796570537802026,
  "tgt_tail_recall": 11.798430099189824,
  "tgt_macro_f1": 13.132719336895091,
  "tgt_ece": 0.4113963784088126,
  "cross_domain_gap": 80.77485803362654
}
{
  "epoch": 67,
  "loss": 0.001924807532852519,
  "src_top1": 97.64285714285714,
  "tgt_top1": 16.36788776305534,
  "tgt_tail_recall": 13.19900115616424,
  "tgt_macro_f1": 13.329509423791459,
  "tgt_ece": 0.41644419371408126,
  "cross_domain_gap": 81.2749693798018
}
{
  "epoch": 68,
  "loss": 0.0012226319125516962,
  "src_top1": 98.28571428571429,
  "tgt_top1": 17.30319563522993,
  "tgt_tail_recall": 12.874243096524568,
  "tgt_macro_f1": 13.473374834350246,
  "tgt_ece": 0.4294180624036007,
  "cross_domain_gap": 80.98251865048437
}
{
  "epoch": 69,
  "loss": 0.0011841504603892939,
  "src_top1": 97.85714285714285,
  "tgt_top1": 17.342166796570538,
  "tgt_tail_recall": 12.094040670726477,
  "tgt_macro_f1": 13.698698221744138,
  "tgt_ece": 0.3935024446298949,
  "cross_domain_gap": 80.51497606057231
}
{
  "epoch": 70,
  "loss": 0.0015184565800154814,
  "src_top1": 97.14285714285714,
  "tgt_top1": 19.01792673421668,
  "tgt_tail_recall": 13.080584079144325,
  "tgt_macro_f1": 13.845065086603697,
  "tgt_ece": 0.3431090501689483,
  "cross_domain_gap": 78.12493040864047
}
{
  "epoch": 71,
  "loss": 0.0009828831465220438,
  "src_top1": 98.28571428571429,
  "tgt_top1": 17.069368667186282,
  "tgt_tail_recall": 11.674149920242128,
  "tgt_macro_f1": 12.758590269091066,
  "tgt_ece": 0.43862906119271544,
  "cross_domain_gap": 81.21634561852801
}
{
  "epoch": 72,
  "loss": 0.0015533314421319745,
  "src_top1": 98.07142857142857,
  "tgt_top1": 17.26422447388932,
  "tgt_tail_recall": 14.240368939178213,
  "tgt_macro_f1": 13.224306407574819,
  "tgt_ece": 0.3879208359591495,
  "cross_domain_gap": 80.80720409753926
}
{
  "epoch": 73,
  "loss": 0.0016584708040550673,
  "src_top1": 98.0,
  "tgt_top1": 20.14809041309431,
  "tgt_tail_recall": 14.871309230763577,
  "tgt_macro_f1": 15.359107062277724,
  "tgt_ece": 0.37477925883508806,
  "cross_domain_gap": 77.85190958690569
}
{
  "epoch": 74,
  "loss": 0.0008844470184249819,
  "src_top1": 97.78571428571429,
  "tgt_top1": 18.08261886204209,
  "tgt_tail_recall": 14.505444896208541,
  "tgt_macro_f1": 13.789113206310304,
  "tgt_ece": 0.4277055786018109,
  "cross_domain_gap": 79.70309542367221
}
{
  "epoch": 75,
  "loss": 0.0013567998292308536,
  "src_top1": 97.64285714285714,
  "tgt_top1": 17.575993764614186,
  "tgt_tail_recall": 15.25634804353308,
  "tgt_macro_f1": 12.875538260045595,
  "tgt_ece": 0.4265514518934957,
  "cross_domain_gap": 80.06686337824296
}
{
  "epoch": 76,
  "loss": 0.0009418346023269555,
  "src_top1": 98.21428571428571,
  "tgt_top1": 19.368667186282153,
  "tgt_tail_recall": 14.968003377919626,
  "tgt_macro_f1": 14.317689326487084,
  "tgt_ece": 0.37273055817336653,
  "cross_domain_gap": 78.84561852800356
}
{
  "epoch": 77,
  "loss": 0.0009537575251341846,
  "src_top1": 98.42857142857143,
  "tgt_top1": 18.901013250194858,
  "tgt_tail_recall": 14.28459796406901,
  "tgt_macro_f1": 14.491978520677481,
  "tgt_ece": 0.4050392123114896,
  "cross_domain_gap": 79.52755817837658
}
{
  "epoch": 78,
  "loss": 0.0022750893681764044,
  "src_top1": 98.07142857142857,
  "tgt_top1": 17.342166796570538,
  "tgt_tail_recall": 14.042485284446016,
  "tgt_macro_f1": 14.106895489870643,
  "tgt_ece": 0.45046575345673884,
  "cross_domain_gap": 80.72926177485803
}
{
  "epoch": 79,
  "loss": 0.0008637406603384699,
  "src_top1": 97.57142857142857,
  "tgt_top1": 18.004676539360872,
  "tgt_tail_recall": 14.293064949126855,
  "tgt_macro_f1": 13.823254710145779,
  "tgt_ece": 0.43631109568005133,
  "cross_domain_gap": 79.5667520320677
}
{
  "epoch": 80,
  "loss": 0.0007212566625002844,
  "src_top1": 98.14285714285714,
  "tgt_top1": 19.212782540919722,
  "tgt_tail_recall": 14.717268491290634,
  "tgt_macro_f1": 14.877401690757411,
  "tgt_ece": 0.39879838855456584,
  "cross_domain_gap": 78.93007460193742
}
{
  "epoch": 81,
  "loss": 0.000622877866296323,
  "src_top1": 98.21428571428571,
  "tgt_top1": 18.121590023382698,
  "tgt_tail_recall": 14.48329980935665,
  "tgt_macro_f1": 14.91450366134032,
  "tgt_ece": 0.42411785478691344,
  "cross_domain_gap": 80.09269569090301
}
{
  "epoch": 82,
  "loss": 0.0006738448290949925,
  "src_top1": 98.21428571428571,
  "tgt_top1": 19.056897895557288,
  "tgt_tail_recall": 11.688063259676582,
  "tgt_macro_f1": 14.507233287609452,
  "tgt_ece": 0.43175628738345717,
  "cross_domain_gap": 79.15738781872842
}
{
  "epoch": 83,
  "loss": 0.0006098703188374886,
  "src_top1": 98.28571428571429,
  "tgt_top1": 18.27747466874513,
  "tgt_tail_recall": 11.527510639982156,
  "tgt_macro_f1": 14.103093293905442,
  "tgt_ece": 0.4173714653853783,
  "cross_domain_gap": 80.00823961696916
}
{
  "epoch": 84,
  "loss": 0.0005630259685452196,
  "src_top1": 98.28571428571429,
  "tgt_top1": 19.290724863600936,
  "tgt_tail_recall": 12.413760036294775,
  "tgt_macro_f1": 14.67201460358536,
  "tgt_ece": 0.4065786553655671,
  "cross_domain_gap": 78.99498942211335
}
{
  "epoch": 85,
  "loss": 0.0006280996678063397,
  "src_top1": 98.42857142857143,
  "tgt_top1": 19.251753702260327,
  "tgt_tail_recall": 13.025780372337467,
  "tgt_macro_f1": 14.872080729880317,
  "tgt_ece": 0.4009993358087651,
  "cross_domain_gap": 79.1768177263111
}
{
  "epoch": 86,
  "loss": 0.0007342935185646618,
  "src_top1": 97.92857142857143,
  "tgt_top1": 19.641465315666405,
  "tgt_tail_recall": 14.039578065305713,
  "tgt_macro_f1": 15.665060443512369,
  "tgt_ece": 0.37755861232639376,
  "cross_domain_gap": 78.28710611290502
}
{
  "epoch": 87,
  "loss": 0.00040832523798757747,
  "src_top1": 98.35714285714286,
  "tgt_top1": 18.745128604832423,
  "tgt_tail_recall": 13.49311132460686,
  "tgt_macro_f1": 14.467074485166046,
  "tgt_ece": 0.41360579777163453,
  "cross_domain_gap": 79.61201425231044
}
{
  "epoch": 88,
  "loss": 0.0005046714842739789,
  "src_top1": 98.5,
  "tgt_top1": 17.653936087295403,
  "tgt_tail_recall": 11.56918793327794,
  "tgt_macro_f1": 13.536812989642513,
  "tgt_ece": 0.4218377212174266,
  "cross_domain_gap": 80.8460639127046
}
{
  "epoch": 89,
  "loss": 0.0003613435142483158,
  "src_top1": 98.5,
  "tgt_top1": 18.316445830085737,
  "tgt_tail_recall": 11.372775039937299,
  "tgt_macro_f1": 13.933637016745823,
  "tgt_ece": 0.4138879761541159,
  "cross_domain_gap": 80.18355416991426
}
{
  "epoch": 90,
  "loss": 0.0004317223996020288,
  "src_top1": 98.42857142857143,
  "tgt_top1": 17.459080280592364,
  "tgt_tail_recall": 12.512091637030471,
  "tgt_macro_f1": 13.538986437287992,
  "tgt_ece": 0.437369014591629,
  "cross_domain_gap": 80.96949114797907
}
{
  "epoch": 91,
  "loss": 0.000410187082744298,
  "src_top1": 98.42857142857143,
  "tgt_top1": 17.92673421667966,
  "tgt_tail_recall": 12.297575258968607,
  "tgt_macro_f1": 13.75262509478886,
  "tgt_ece": 0.41257836139490156,
  "cross_domain_gap": 80.50183721189177
}
{
  "epoch": 92,
  "loss": 0.00044204452470453996,
  "src_top1": 98.28571428571429,
  "tgt_top1": 18.589243959469993,
  "tgt_tail_recall": 12.565917912035474,
  "tgt_macro_f1": 14.453519654145103,
  "tgt_ece": 0.40502310773344685,
  "cross_domain_gap": 79.6964703262443
}
{
  "epoch": 93,
  "loss": 0.0003376335247425881,
  "src_top1": 98.5,
  "tgt_top1": 19.251753702260327,
  "tgt_tail_recall": 12.219939627877793,
  "tgt_macro_f1": 14.874562079857274,
  "tgt_ece": 0.4045624480069566,
  "cross_domain_gap": 79.24824629773967
}
{
  "epoch": 94,
  "loss": 0.00035860839531409516,
  "src_top1": 98.57142857142858,
  "tgt_top1": 18.706157443491815,
  "tgt_tail_recall": 12.012696317543174,
  "tgt_macro_f1": 14.52428301669617,
  "tgt_ece": 0.4111388601560148,
  "cross_domain_gap": 79.86527112793677
}
{
  "epoch": 95,
  "loss": 0.0003490398947845251,
  "src_top1": 98.14285714285714,
  "tgt_top1": 19.290724863600936,
  "tgt_tail_recall": 12.545629886129635,
  "tgt_macro_f1": 14.75211170509271,
  "tgt_ece": 0.39807329139006575,
  "cross_domain_gap": 78.85213227925621
}
{
  "epoch": 96,
  "loss": 0.00031311751012543757,
  "src_top1": 98.5,
  "tgt_top1": 18.355416991426342,
  "tgt_tail_recall": 12.125018455157761,
  "tgt_macro_f1": 14.457819167518979,
  "tgt_ece": 0.4239927855953981,
  "cross_domain_gap": 80.14458300857366
}
{
  "epoch": 97,
  "loss": 0.0003767816232209591,
  "src_top1": 98.42857142857143,
  "tgt_top1": 18.745128604832423,
  "tgt_tail_recall": 12.69213504178594,
  "tgt_macro_f1": 14.741421130336699,
  "tgt_ece": 0.41041527410630874,
  "cross_domain_gap": 79.683442823739
}
{
  "epoch": 98,
  "loss": 0.00030031612454344366,
  "src_top1": 98.42857142857143,
  "tgt_top1": 17.575993764614186,
  "tgt_tail_recall": 11.533426153999523,
  "tgt_macro_f1": 13.445355815268362,
  "tgt_ece": 0.4334541724142579,
  "cross_domain_gap": 80.85257766395725
}
{
  "epoch": 99,
  "loss": 0.0002908163673060198,
  "src_top1": 98.35714285714286,
  "tgt_top1": 18.004676539360872,
  "tgt_tail_recall": 11.225920076356692,
  "tgt_macro_f1": 13.961410754449084,
  "tgt_ece": 0.43499119435484207,
  "cross_domain_gap": 80.35246631778199
}
{
  "epoch": 100,
  "loss": 0.00029504893047006944,
  "src_top1": 98.57142857142858,
  "tgt_top1": 18.004676539360872,
  "tgt_tail_recall": 11.69150736307178,
  "tgt_macro_f1": 13.995940863875697,
  "tgt_ece": 0.4295088827975867,
  "cross_domain_gap": 80.56675203206771
}
[CD-APDM] training complete -> /root/data1/xzc/agri-cnz/runs/exp2-ours/ours-s1/cd_apdm_final.pt
[CD-APDM] iters: ccgan=1000 ssplam=300 mt=300

=== Target-domain results ===
{
  "top1": 17.92673421667966,
  "tail_recall": 28.915652145426957,
  "macro_f1": 15.734114720704163,
  "ece": 0.22850082846632808,
  "ablation": "full"
}
saved -> /root/data1/xzc/agri-cnz/runs/exp2-ours/ours-s1/bestval/eval_full.json
[CD-APDM] iters: ccgan=1000 ssplam=300 mt=300

=== Target-domain results ===
{
  "top1": 17.49805144193297,
  "tail_recall": 28.263128310045786,
  "macro_f1": 15.432153209211178,
  "ece": 0.22822380305753495,
  "ablation": "full"
}
saved -> /root/data1/xzc/agri-cnz/runs/exp2-ours/ours-s1/final/eval_full.json
